Archive member included to satisfy reference by file (symbol)

/Applications/ArmGNUToolchain/15.2.rel1/arm-none-eabi/bin/../lib/gcc/arm-none-eabi/15.2.1/../../../../arm-none-eabi/lib/thumb/v6-m/nofp/libm.a(libm_a-s_llround.o)
                              CMakeFiles/output_encoder_bridge.dir/src/main.c.o (llround)
/Applications/ArmGNUToolchain/15.2.rel1/arm-none-eabi/bin/../lib/gcc/arm-none-eabi/15.2.1/thumb/v6-m/nofp/libgcc.a(_dvmd_tls.o)
                              CMakeFiles/output_encoder_bridge.dir/Users/acs/src/pico-sdk/src/rp2_common/pico_divider/divider_hardware.S.o (__aeabi_idiv0)
/Applications/ArmGNUToolchain/15.2.rel1/arm-none-eabi/bin/../lib/gcc/arm-none-eabi/15.2.1/../../../../arm-none-eabi/lib/thumb/v6-m/nofp/libg.a(libc_a-calloc.o)
                              CMakeFiles/output_encoder_bridge.dir/Users/acs/src/pico-sdk/src/rp2_common/pico_malloc/malloc.c.o (calloc)
/Applications/ArmGNUToolchain/15.2.rel1/arm-none-eabi/bin/../lib/gcc/arm-none-eabi/15.2.1/../../../../arm-none-eabi/lib/thumb/v6-m/nofp/libg.a(libc_a-callocr.o)
                              /Applications/ArmGNUToolchain/15.2.rel1/arm-none-eabi/bin/../lib/gcc/arm-none-eabi/15.2.1/../../../../arm-none-eabi/lib/thumb/v6-m/nofp/libg.a(libc_a-calloc.o) (_calloc_r)
/Applications/ArmGNUToolchain/15.2.rel1/arm-none-eabi/bin/../lib/gcc/arm-none-eabi/15.2.1/../../../../arm-none-eabi/lib/thumb/v6-m/nofp/libg.a(libc_a-malloc.o)
                              CMakeFiles/output_encoder_bridge.dir/Users/acs/src/pico-sdk/src/rp2_common/pico_malloc/malloc.c.o (malloc)
/Applications/ArmGNUToolchain/15.2.rel1/arm-none-eabi/bin/../lib/gcc/arm-none-eabi/15.2.1/../../../../arm-none-eabi/lib/thumb/v6-m/nofp/libg.a(libc_a-mallocr.o)
                              /Applications/ArmGNUToolchain/15.2.rel1/arm-none-eabi/bin/../lib/gcc/arm-none-eabi/15.2.1/../../../../arm-none-eabi/lib/thumb/v6-m/nofp/libg.a(libc_a-callocr.o) (_malloc_r)
/Applications/ArmGNUToolchain/15.2.rel1/arm-none-eabi/bin/../lib/gcc/arm-none-eabi/15.2.1/../../../../arm-none-eabi/lib/thumb/v6-m/nofp/libg.a(libc_a-mlock.o)
                              /Applications/ArmGNUToolchain/15.2.rel1/arm-none-eabi/bin/../lib/gcc/arm-none-eabi/15.2.1/../../../../arm-none-eabi/lib/thumb/v6-m/nofp/libg.a(libc_a-mallocr.o) (__malloc_lock)
/Applications/ArmGNUToolchain/15.2.rel1/arm-none-eabi/bin/../lib/gcc/arm-none-eabi/15.2.1/../../../../arm-none-eabi/lib/thumb/v6-m/nofp/libg.a(libc_a-realloc.o)
                              CMakeFiles/output_encoder_bridge.dir/Users/acs/src/pico-sdk/src/rp2_common/pico_malloc/malloc.c.o (realloc)
/Applications/ArmGNUToolchain/15.2.rel1/arm-none-eabi/bin/../lib/gcc/arm-none-eabi/15.2.1/../../../../arm-none-eabi/lib/thumb/v6-m/nofp/libg.a(libc_a-reallocr.o)
                              /Applications/ArmGNUToolchain/15.2.rel1/arm-none-eabi/bin/../lib/gcc/arm-none-eabi/15.2.1/../../../../arm-none-eabi/lib/thumb/v6-m/nofp/libg.a(libc_a-realloc.o) (_realloc_r)
/Applications/ArmGNUToolchain/15.2.rel1/arm-none-eabi/bin/../lib/gcc/arm-none-eabi/15.2.1/../../../../arm-none-eabi/lib/thumb/v6-m/nofp/libg.a(libc_a-memcmp.o)
                              CMakeFiles/output_encoder_bridge.dir/Users/acs/src/pico-sdk/src/rp2_common/pico_atomic/atomic.c.o (memcmp)
/Applications/ArmGNUToolchain/15.2.rel1/arm-none-eabi/bin/../lib/gcc/arm-none-eabi/15.2.1/../../../../arm-none-eabi/lib/thumb/v6-m/nofp/libg.a(libc_a-memmove.o)
                              CMakeFiles/output_encoder_bridge.dir/src/main.c.o (memmove)
/Applications/ArmGNUToolchain/15.2.rel1/arm-none-eabi/bin/../lib/gcc/arm-none-eabi/15.2.1/../../../../arm-none-eabi/lib/thumb/v6-m/nofp/libg.a(libc_a-lcltime_r.o)
                              CMakeFiles/output_encoder_bridge.dir/Users/acs/src/pico-sdk/src/common/pico_util/datetime.c.o (localtime_r)
/Applications/ArmGNUToolchain/15.2.rel1/arm-none-eabi/bin/../lib/gcc/arm-none-eabi/15.2.1/../../../../arm-none-eabi/lib/thumb/v6-m/nofp/libg.a(libc_a-mktime.o)
                              CMakeFiles/output_encoder_bridge.dir/Users/acs/src/pico-sdk/src/common/pico_util/datetime.c.o (mktime)
/Applications/ArmGNUToolchain/15.2.rel1/arm-none-eabi/bin/../lib/gcc/arm-none-eabi/15.2.1/../../../../arm-none-eabi/lib/thumb/v6-m/nofp/libg.a(libc_a-month_lengths.o)
                              /Applications/ArmGNUToolchain/15.2.rel1/arm-none-eabi/bin/../lib/gcc/arm-none-eabi/15.2.1/../../../../arm-none-eabi/lib/thumb/v6-m/nofp/libg.a(libc_a-lcltime_r.o) (__month_lengths)
/Applications/ArmGNUToolchain/15.2.rel1/arm-none-eabi/bin/../lib/gcc/arm-none-eabi/15.2.1/../../../../arm-none-eabi/lib/thumb/v6-m/nofp/libg.a(libc_a-tzcalc_limits.o)
                              /Applications/ArmGNUToolchain/15.2.rel1/arm-none-eabi/bin/../lib/gcc/arm-none-eabi/15.2.1/../../../../arm-none-eabi/lib/thumb/v6-m/nofp/libg.a(libc_a-lcltime_r.o) (__tzcalc_limits)
[...]
Memory Configuration

Name             Origin             Length             Attributes
FLASH            0x10000000         0x00200000         xr
RAM              0x20000000         0x00040000         xrw
SCRATCH_X        0x20040000         0x00001000         xrw
SCRATCH_Y        0x20041000         0x00001000         xrw
*default*        0x00000000         0xffffffff

Linker script and memory map

LOAD /Applications/ArmGNUToolchain/15.2.rel1/arm-none-eabi/bin/../lib/gcc/arm-none-eabi/15.2.1/thumb/v6-m/nofp/crti.o
LOAD /Applications/ArmGNUToolchain/15.2.rel1/arm-none-eabi/bin/../lib/gcc/arm-none-eabi/15.2.1/thumb/v6-m/nofp/crtbegin.o
LOAD /Applications/ArmGNUToolchain/15.2.rel1/arm-none-eabi/bin/../lib/gcc/arm-none-eabi/15.2.1/../../../../arm-none-eabi/lib/thumb/v6-m/nofp/crt0.o

.flash_begin    0x10000000        0x0
                0x10000000                        __flash_binary_start = .

.boot2          0x10000000      0x100
                0x10000000                        __boot2_start__ = .
 *(.boot2)
 .boot2         0x10000000      0x100 pico-sdk/src/rp2040/boot_stage2/CMakeFiles/bs2_default_library.dir/bs2_default_padded_checksummed.S.o
                0x10000100                        __boot2_end__ = .
                0x00000001                        ASSERT (((__boot2_end__ - __boot2_start__) == 0x100), ERROR: Pico second stage bootloader must be 256 bytes in size)

.text           0x10000100     0x82ac
                0x10000100                        __logical_binary_start = .
 *(.vectors)
 .vectors       0x10000100       0xd4 CMakeFiles/output_encoder_bridge.dir/Users/acs/src/pico-sdk/src/rp2_common/pico_crt0/crt0.S.o
                0x10000100                __VECTOR_TABLE
                0x10000100                __vectors
                0x100001c0                isr_irq13
                0x100001c0                isr_irq27
                0x100001c0                isr_irq31
                0x100001c0                isr_irq5
                0x100001c0                isr_irq11
                0x100001c0                isr_irq23
                0x100001c0                isr_irq18
                0x100001c0                isr_irq9
                0x100001c0                __unhandled_user_irq
                0x100001c0                isr_irq25
                0x100001c0                isr_irq4
                0x100001c0                isr_irq16
                0x100001c0                isr_irq29
                0x100001c0                isr_irq26
                0x100001c0                isr_irq3
                0x100001c0                isr_irq12
                0x100001c0                isr_irq30
                0x100001c0                isr_irq28
                0x100001c0                isr_irq19
                0x100001c0                isr_irq0
                0x100001c0                isr_irq6
                0x100001c0                isr_irq22
                0x100001c0                isr_irq17
                0x100001c0                isr_irq14
                0x100001c0                __vectors_end
                0x100001c0                __default_isrs_start
                0x100001c0                isr_irq2
                0x100001c0                isr_irq10
                0x100001c0                isr_irq8
                0x100001c0                isr_irq24
                0x100001c0                isr_irq1
                0x100001c0                isr_irq7
                0x100001c0                isr_irq21
                0x100001c0                isr_irq20
                0x100001c0                isr_irq15
                0x100001c6                unhandled_user_irq_num_in_r0
                0x100001c8                isr_invalid
                0x100001ca                isr_nmi
                0x100001cc                isr_hardfault
                0x100001ce                isr_svcall
                0x100001d0                isr_pendsv
                0x100001d2                isr_systick
                0x100001d4                __default_isrs_end
 *(.binary_info_header)
 .binary_info_header
                0x100001d4       0x14 CMakeFiles/output_encoder_bridge.dir/Users/acs/src/pico-sdk/src/rp2_common/pico_crt0/crt0.S.o
                0x100001e8                        __binary_info_header_end = .
 *(.embedded_block)
                0x100001e8                        __embedded_block_end = .
 *(.reset)
 .reset         0x100001e8       0x9c CMakeFiles/output_encoder_bridge.dir/Users/acs/src/pico-sdk/src/rp2_common/pico_crt0/crt0.S.o
                0x100001e8                _entry_point
 *(.init)
 .init          0x10000284        0x4 /Applications/ArmGNUToolchain/15.2.rel1/arm-none-eabi/bin/../lib/gcc/arm-none-eabi/15.2.1/thumb/v6-m/nofp/crti.o
                0x10000284                _init
 *(EXCLUDE_FILE(*libm.a: *libc.a:*lib_a-mem*.o *libgcc.a:) .text*)
 .text.register_tm_clones
                0x10000288       0x28 /Applications/ArmGNUToolchain/15.2.rel1/arm-none-eabi/bin/../lib/gcc/arm-none-eabi/15.2.1/thumb/v6-m/nofp/crtbegin.o
 .text.frame_dummy
                0x100002b0       0x24 /Applications/ArmGNUToolchain/15.2.rel1/arm-none-eabi/bin/../lib/gcc/arm-none-eabi/15.2.1/thumb/v6-m/nofp/crtbegin.o
 .text.emit_status
                0x100002d4       0x6c CMakeFiles/output_encoder_bridge.dir/src/main.c.o
 .text.emit_loop_status
                0x10000340       0xac CMakeFiles/output_encoder_bridge.dir/src/main.c.o
 .text.startup.main
                0x100003ec      0x6a0 CMakeFiles/output_encoder_bridge.dir/src/main.c.o
                0x100003ec                main
 .text.bridge_crc16_ccitt_false
                0x10000a8c       0x6c CMakeFiles/output_encoder_bridge.dir/src/bridge_protocol.c.o
                0x10000a8c                bridge_crc16_ccitt_false
 .text.bridge_encode_hello
                0x10000af8       0xc0 CMakeFiles/output_encoder_bridge.dir/src/bridge_protocol.c.o
                0x10000af8                bridge_encode_hello
 .text.bridge_encode_sensor_sample
                0x10000bb8      0x100 CMakeFiles/output_encoder_bridge.dir/src/bridge_protocol.c.o
                0x10000bb8                bridge_encode_sensor_sample
 .text.bridge_encode_status
                0x10000cb8       0xd0 CMakeFiles/output_encoder_bridge.dir/src/bridge_protocol.c.o
                0x10000cb8                bridge_encode_status
 .text.bridge_encode_fault
                0x10000d88       0xb4 CMakeFiles/output_encoder_bridge.dir/src/bridge_protocol.c.o
                0x10000d88                bridge_encode_fault
 .text.bridge_encode_loop_status
                0x10000e3c       0xe8 CMakeFiles/output_encoder_bridge.dir/src/bridge_protocol.c.o
                0x10000e3c                bridge_encode_loop_status
 .text.mt6835_init
                0x10000f24       0x98 CMakeFiles/output_encoder_bridge.dir/src/mt6835.c.o
                0x10000f24                mt6835_init
 .text.mt6835_read_sample
                0x10000fbc      0x28c CMakeFiles/output_encoder_bridge.dir/src/mt6835.c.o
                0x10000fbc                mt6835_read_sample
 .text.odrive_uart_init
                0x10001248       0x68 CMakeFiles/output_encoder_bridge.dir/src/odrive_uart.c.o
                0x10001248                odrive_uart_init
 .text.odrive_uart_set_velocity
                0x100012b0       0xac CMakeFiles/output_encoder_bridge.dir/src/odrive_uart.c.o
                0x100012b0                odrive_uart_set_velocity
 .text.odrive_uart_set_axis_state
                0x1000135c       0x98 CMakeFiles/output_encoder_bridge.dir/src/odrive_uart.c.o
                0x1000135c                odrive_uart_set_axis_state
 .text.odrive_uart_is_ready
                0x100013f4        0xc CMakeFiles/output_encoder_bridge.dir/src/odrive_uart.c.o
                0x100013f4                odrive_uart_is_ready
 .text.outer_loop_init
                0x10001400       0x38 CMakeFiles/output_encoder_bridge.dir/src/outer_loop.c.o
                0x10001400                outer_loop_init
 .text.outer_loop_set_setpoint
                0x10001438        0x8 CMakeFiles/output_encoder_bridge.dir/src/outer_loop.c.o
                0x10001438                outer_loop_set_setpoint
 .text.outer_loop_set_enabled
                0x10001440       0x20 CMakeFiles/output_encoder_bridge.dir/src/outer_loop.c.o
                0x10001440                outer_loop_set_enabled
 .text.outer_loop_set_gains
                0x10001460       0x98 CMakeFiles/output_encoder_bridge.dir/src/outer_loop.c.o
                0x10001460                outer_loop_set_gains
 .text.outer_loop_update
                0x100014f8       0x9c CMakeFiles/output_encoder_bridge.dir/src/outer_loop.c.o
                0x100014f8                outer_loop_update
 .text.gpio_set_function
                0x10001594       0x30 CMakeFiles/output_encoder_bridge.dir/Users/acs/src/pico-sdk/src/rp2_common/hardware_gpio/gpio.c.o
                0x10001594                gpio_set_function
 .text.gpio_set_pulls
                0x100015c4       0x24 CMakeFiles/output_encoder_bridge.dir/Users/acs/src/pico-sdk/src/rp2_common/hardware_gpio/gpio.c.o
                0x100015c4                gpio_set_pulls
 .text.gpio_init
                0x100015e8       0x3c CMakeFiles/output_encoder_bridge.dir/Users/acs/src/pico-sdk/src/rp2_common/hardware_gpio/gpio.c.o
                0x100015e8                gpio_init
 .text.rp2040_chip_version
                0x10001624        0xc CMakeFiles/output_encoder_bridge.dir/Users/acs/src/pico-sdk/src/rp2040/pico_platform/platform.c.o
                0x10001624                rp2040_chip_version
 .text.panic    0x10001630       0x30 CMakeFiles/output_encoder_bridge.dir/Users/acs/src/pico-sdk/src/rp2_common/pico_platform_panic/panic.c.o
                0x10001630                panic
 .text.hw_claim_or_assert
                0x10001660       0x50 CMakeFiles/output_encoder_bridge.dir/Users/acs/src/pico-sdk/src/common/hardware_claim/claim.c.o
                0x10001660                hw_claim_or_assert
 .text.hw_claim_unused_from_range
                0x100016b0       0x88 CMakeFiles/output_encoder_bridge.dir/Users/acs/src/pico-sdk/src/common/hardware_claim/claim.c.o
                0x100016b0                hw_claim_unused_from_range
 .text.next_striped_spin_lock_num
                0x10001738       0x18 CMakeFiles/output_encoder_bridge.dir/Users/acs/src/pico-sdk/src/rp2_common/hardware_sync/sync.c.o
                0x10001738                next_striped_spin_lock_num
 .text.spin_lock_claim_unused
                0x10001750       0x20 CMakeFiles/output_encoder_bridge.dir/Users/acs/src/pico-sdk/src/rp2_common/hardware_sync/sync.c.o
                0x10001750                spin_lock_claim_unused
 .text.spin_locks_reset
                0x10001770       0x1c CMakeFiles/output_encoder_bridge.dir/Users/acs/src/pico-sdk/src/rp2_common/hardware_sync_spin_lock/sync_spin_lock.c.o
                0x10001770                spin_locks_reset
 .text.runtime_init_per_core_irq_priorities
                0x1000178c       0x48 CMakeFiles/output_encoder_bridge.dir/Users/acs/src/pico-sdk/src/rp2_common/hardware_irq/irq.c.o
                0x1000178c                runtime_init_per_core_irq_priorities
 .text.irq_set_enabled
                0x100017d4       0x24 CMakeFiles/output_encoder_bridge.dir/Users/acs/src/pico-sdk/src/rp2_common/hardware_irq/irq.c.o
                0x100017d4                irq_set_enabled
 .text.irq_is_enabled
                0x100017f8       0x18 CMakeFiles/output_encoder_bridge.dir/Users/acs/src/pico-sdk/src/rp2_common/hardware_irq/irq.c.o
                0x100017f8                irq_is_enabled
 .text.irq_set_pending
                0x10001810       0x10 CMakeFiles/output_encoder_bridge.dir/Users/acs/src/pico-sdk/src/rp2_common/hardware_irq/irq.c.o
                0x10001810                irq_set_pending
 .text.irq_has_shared_handler
                0x10001820       0x20 CMakeFiles/output_encoder_bridge.dir/Users/acs/src/pico-sdk/src/rp2_common/hardware_irq/irq.c.o
                0x10001820                irq_has_shared_handler
 .text.irq_set_exclusive_handler
                0x10001840       0x54 CMakeFiles/output_encoder_bridge.dir/Users/acs/src/pico-sdk/src/rp2_common/hardware_irq/irq.c.o
                0x10001840                irq_set_exclusive_handler
 .text.irq_add_shared_handler
                0x10001894      0x1cc CMakeFiles/output_encoder_bridge.dir/Users/acs/src/pico-sdk/src/rp2_common/hardware_irq/irq.c.o
                0x10001894                irq_add_shared_handler
 .text.irq_add_tail_to_free_list
                0x10001a60       0xb4 CMakeFiles/output_encoder_bridge.dir/Users/acs/src/pico-sdk/src/rp2_common/hardware_irq/irq.c.o
                0x10001a60                irq_add_tail_to_free_list
 .text.user_irq_claim_unused
                0x10001b14       0x28 CMakeFiles/output_encoder_bridge.dir/Users/acs/src/pico-sdk/src/rp2_common/hardware_irq/irq.c.o
                0x10001b14                user_irq_claim_unused
 .text.lock_init
                0x10001b3c       0x10 CMakeFiles/output_encoder_bridge.dir/Users/acs/src/pico-sdk/src/common/pico_sync/lock_core.c.o
                0x10001b3c                lock_init
 .text.runtime_init_mutex
                0x10001b4c       0x50 CMakeFiles/output_encoder_bridge.dir/Users/acs/src/pico-sdk/src/common/pico_sync/mutex.c.o
                0x10001b4c                runtime_init_mutex
 .text.mutex_init
                0x10001b9c       0x1c CMakeFiles/output_encoder_bridge.dir/Users/acs/src/pico-sdk/src/common/pico_sync/mutex.c.o
                0x10001b9c                mutex_init
 .text.critical_section_init
                0x10001bb8       0x1c CMakeFiles/output_encoder_bridge.dir/Users/acs/src/pico-sdk/src/common/pico_sync/critical_section.c.o
                0x10001bb8                critical_section_init
 .text.critical_section_init_with_lock_num
                0x10001bd4       0x14 CMakeFiles/output_encoder_bridge.dir/Users/acs/src/pico-sdk/src/common/pico_sync/critical_section.c.o
                0x10001bd4                critical_section_init_with_lock_num
 .text.sleep_until_callback
                0x10001be8       0x30 CMakeFiles/output_encoder_bridge.dir/Users/acs/src/pico-sdk/src/common/pico_time/time.c.o
 .text.alarm_pool_irq_handler
                0x10001c18      0x2f4 CMakeFiles/output_encoder_bridge.dir/Users/acs/src/pico-sdk/src/common/pico_time/time.c.o
 .text.runtime_init_default_alarm_pool
                0x10001f0c       0xd8 CMakeFiles/output_encoder_bridge.dir/Users/acs/src/pico-sdk/src/common/pico_time/time.c.o
                0x10001f0c                runtime_init_default_alarm_pool
 .text.alarm_pool_get_default
                0x10001fe4        0x8 CMakeFiles/output_encoder_bridge.dir/Users/acs/src/pico-sdk/src/common/pico_time/time.c.o
                0x10001fe4                alarm_pool_get_default
 .text.alarm_pool_add_alarm_at
                0x10001fec       0xcc CMakeFiles/output_encoder_bridge.dir/Users/acs/src/pico-sdk/src/common/pico_time/time.c.o
                0x10001fec                alarm_pool_add_alarm_at
 .text.alarm_pool_add_alarm_at_force_in_context
                0x100020b8       0xbc CMakeFiles/output_encoder_bridge.dir/Users/acs/src/pico-sdk/src/common/pico_time/time.c.o
                0x100020b8                alarm_pool_add_alarm_at_force_in_context
 .text.alarm_pool_cancel_alarm
                0x10002174       0x74 CMakeFiles/output_encoder_bridge.dir/Users/acs/src/pico-sdk/src/common/pico_time/time.c.o
                0x10002174                alarm_pool_cancel_alarm
 .text.alarm_pool_core_num
                0x100021e8        0x4 CMakeFiles/output_encoder_bridge.dir/Users/acs/src/pico-sdk/src/common/pico_time/time.c.o
                0x100021e8                alarm_pool_core_num
 .text.sleep_until
                0x100021ec       0xc8 CMakeFiles/output_encoder_bridge.dir/Users/acs/src/pico-sdk/src/common/pico_time/time.c.o
                0x100021ec                sleep_until
 .text.sleep_ms
                0x100022b4       0xfc CMakeFiles/output_encoder_bridge.dir/Users/acs/src/pico-sdk/src/common/pico_time/time.c.o
                0x100022b4                sleep_ms
 .text.best_effort_wfe_or_timeout
                0x100023b0      0x100 CMakeFiles/output_encoder_bridge.dir/Users/acs/src/pico-sdk/src/common/pico_time/time.c.o
                0x100023b0                best_effort_wfe_or_timeout
 .text.timer_hardware_alarm_claim
                0x100024b0       0x14 CMakeFiles/output_encoder_bridge.dir/Users/acs/src/pico-sdk/src/rp2_common/hardware_timer/timer.c.o
                0x100024b0                timer_hardware_alarm_claim
 .text.timer_time_us_64
                0x100024c4       0x10 CMakeFiles/output_encoder_bridge.dir/Users/acs/src/pico-sdk/src/rp2_common/hardware_timer/timer.c.o
                0x100024c4                timer_time_us_64
 .text.time_us_64
                0x100024d4       0x14 CMakeFiles/output_encoder_bridge.dir/Users/acs/src/pico-sdk/src/rp2_common/hardware_timer/timer.c.o
                0x100024d4                time_us_64
 .text.busy_wait_us
                0x100024e8       0x6c CMakeFiles/output_encoder_bridge.dir/Users/acs/src/pico-sdk/src/rp2_common/hardware_timer/timer.c.o
                0x100024e8                busy_wait_us
 .text.busy_wait_until
                0x10002554       0x20 CMakeFiles/output_encoder_bridge.dir/Users/acs/src/pico-sdk/src/rp2_common/hardware_timer/timer.c.o
                0x10002554                busy_wait_until
 .text.uart_init
                0x10002574      0x11c CMakeFiles/output_encoder_bridge.dir/Users/acs/src/pico-sdk/src/rp2_common/hardware_uart/uart.c.o
                0x10002574                uart_init
 .text.uart_set_format
                0x10002690       0x78 CMakeFiles/output_encoder_bridge.dir/Users/acs/src/pico-sdk/src/rp2_common/hardware_uart/uart.c.o
                0x10002690                uart_set_format
 .text.uart_set_fifo_enabled
                0x10002708       0x5c CMakeFiles/output_encoder_bridge.dir/Users/acs/src/pico-sdk/src/rp2_common/hardware_uart/uart.c.o
                0x10002708                uart_set_fifo_enabled
 .text.clock_configure_int_divider
                0x10002764       0xec CMakeFiles/output_encoder_bridge.dir/Users/acs/src/pico-sdk/src/rp2_common/hardware_clocks/clocks.c.o
                0x10002764                clock_configure_int_divider
 .text.clock_configure_undivided
                0x10002850       0xe0 CMakeFiles/output_encoder_bridge.dir/Users/acs/src/pico-sdk/src/rp2_common/hardware_clocks/clocks.c.o
                0x10002850                clock_configure_undivided
 .text.clock_get_hz
                0x10002930        0xc CMakeFiles/output_encoder_bridge.dir/Users/acs/src/pico-sdk/src/rp2_common/hardware_clocks/clocks.c.o
                0x10002930                clock_get_hz
 .text.pll_init
                0x1000293c       0xb0 CMakeFiles/output_encoder_bridge.dir/Users/acs/src/pico-sdk/src/rp2_common/hardware_pll/pll.c.o
                0x1000293c                pll_init
 .text.watchdog_reboot
                0x100029ec       0x9c CMakeFiles/output_encoder_bridge.dir/Users/acs/src/pico-sdk/src/rp2_common/hardware_watchdog/watchdog.c.o
                0x100029ec                watchdog_reboot
 .text.tick_start
                0x10002a88       0x10 CMakeFiles/output_encoder_bridge.dir/Users/acs/src/pico-sdk/src/rp2_common/hardware_ticks/ticks.c.o
                0x10002a88                tick_start
 .text.rom_func_lookup
                0x10002a98       0x10 CMakeFiles/output_encoder_bridge.dir/Users/acs/src/pico-sdk/src/rp2_common/pico_bootrom/bootrom.c.o
                0x10002a98                rom_func_lookup
 .text.rom_data_lookup
                0x10002aa8       0x10 CMakeFiles/output_encoder_bridge.dir/Users/acs/src/pico-sdk/src/rp2_common/pico_bootrom/bootrom.c.o
                0x10002aa8                rom_data_lookup
 .text.rom_funcs_lookup
                0x10002ab8       0x44 CMakeFiles/output_encoder_bridge.dir/Users/acs/src/pico-sdk/src/rp2_common/pico_bootrom/bootrom.c.o
                0x10002ab8                rom_funcs_lookup
 .text.rom_reset_usb_boot_extra
                0x10002afc       0x24 CMakeFiles/output_encoder_bridge.dir/Users/acs/src/pico-sdk/src/rp2_common/pico_bootrom/bootrom.c.o
                0x10002afc                rom_reset_usb_boot_extra
 .text.xosc_init
                0x10002b20       0x28 CMakeFiles/output_encoder_bridge.dir/Users/acs/src/pico-sdk/src/rp2_common/hardware_xosc/xosc.c.o
                0x10002b20                xosc_init
 .text.first_per_core_initializer
                0x10002b48        0x4 CMakeFiles/output_encoder_bridge.dir/Users/acs/src/pico-sdk/src/rp2_common/pico_runtime/runtime.c.o
 .text.hard_assertion_failure
                0x10002b4c        0xc CMakeFiles/output_encoder_bridge.dir/Users/acs/src/pico-sdk/src/rp2_common/pico_runtime/runtime.c.o
                0x10002b4c                hard_assertion_failure
 .text.runtime_run_initializers
                0x10002b58       0x28 CMakeFiles/output_encoder_bridge.dir/Users/acs/src/pico-sdk/src/rp2_common/pico_runtime/runtime.c.o
                0x10002b58                runtime_run_initializers
 .text.runtime_init_early_resets
                0x10002b80       0x2c CMakeFiles/output_encoder_bridge.dir/Users/acs/src/pico-sdk/src/rp2_common/pico_runtime_init/runtime_init.c.o
                0x10002b80                runtime_init_early_resets
 .text.runtime_init_usb_power_down
                0x10002bac       0x1c CMakeFiles/output_encoder_bridge.dir/Users/acs/src/pico-sdk/src/rp2_common/pico_runtime_init/runtime_init.c.o
                0x10002bac                runtime_init_usb_power_down
 .text.runtime_init_post_clock_resets
                0x10002bc8       0x20 CMakeFiles/output_encoder_bridge.dir/Users/acs/src/pico-sdk/src/rp2_common/pico_runtime_init/runtime_init.c.o
                0x10002bc8                runtime_init_post_clock_resets
 .text.runtime_init_rp2040_gpio_ie_disable
                0x10002be8       0x14 CMakeFiles/output_encoder_bridge.dir/Users/acs/src/pico-sdk/src/rp2_common/pico_runtime_init/runtime_init.c.o
                0x10002be8                runtime_init_rp2040_gpio_ie_disable
 .text.runtime_init_spin_locks_reset
                0x10002bfc        0x8 CMakeFiles/output_encoder_bridge.dir/Users/acs/src/pico-sdk/src/rp2_common/pico_runtime_init/runtime_init.c.o
                0x10002bfc                runtime_init_spin_locks_reset
 .text.runtime_init_install_ram_vector_table
                0x10002c04       0xb8 CMakeFiles/output_encoder_bridge.dir/Users/acs/src/pico-sdk/src/rp2_common/pico_runtime_init/runtime_init.c.o
                0x10002c04                runtime_init_install_ram_vector_table
 .text.runtime_init_clocks
                0x10002cbc       0xd8 CMakeFiles/output_encoder_bridge.dir/Users/acs/src/pico-sdk/src/rp2_common/pico_runtime_init/runtime_init_clocks.c.o
                0x10002cbc                runtime_init_clocks
 .text          0x10002d94       0x10 CMakeFiles/output_encoder_bridge.dir/Users/acs/src/pico-sdk/src/rp2_common/pico_bit_ops/bit_ops_aeabi.S.o
 .text.__wrap___aeabi_idiv
                0x10002da4       0x50 CMakeFiles/output_encoder_bridge.dir/Users/acs/src/pico-sdk/src/rp2_common/pico_divider/divider_hardware.S.o
                0x10002da4                __wrap___aeabi_idivmod
                0x10002da4                divmod_s32s32
                0x10002da4                div_s32s32
                0x10002da4                __wrap___aeabi_idiv
                0x10002dac                divmod_s32s32_unsafe
                0x10002dd8                divmod_s32s32_savestate
 .text.__wrap___aeabi_uidiv
                0x10002df4       0x4c CMakeFiles/output_encoder_bridge.dir/Users/acs/src/pico-sdk/src/rp2_common/pico_divider/divider_hardware.S.o
                0x10002df4                __wrap___aeabi_uidiv
                0x10002df4                __wrap___aeabi_uidivmod
                0x10002df4                div_u32u32
                0x10002df4                divmod_u32u32
                0x10002dfc                divmod_u32u32_unsafe
                0x10002e24                divmod_u32u32_savestate
 .text.__wrap___aeabi_ldiv
                0x10002e40      0x424 CMakeFiles/output_encoder_bridge.dir/Users/acs/src/pico-sdk/src/rp2_common/pico_divider/divider_hardware.S.o
                0x10002e40                __wrap___aeabi_ldivmod
                0x10002e40                div_s64s64
                0x10002e40                divmod_s64s64
                0x10002e70                divmod_u64u64
                0x10002e70                div_u64u64
                0x10002e70                __wrap___aeabi_uldivmod
                0x10002e80                divmod_u64u64_savestate
                0x10002ea0                divmod_s64s64_unsafe
                0x10002f28                divmod_u64u64_unsafe
 .text.__wrap___aeabi_darithmetic
                0x10003264       0x80 CMakeFiles/output_encoder_bridge.dir/Users/acs/src/pico-sdk/src/rp2_common/pico_double/double_aeabi_rp2040.S.o
                0x10003264                __wrap___aeabi_drsub
                0x1000326a                __wrap___aeabi_dsub
                0x1000327c                __wrap___aeabi_dadd
                0x1000328e                __wrap___aeabi_ddiv
                0x100032ca                __wrap___aeabi_dmul
 .text.__wrap___aeabi_cdcmple
                0x100032e4       0x6c CMakeFiles/output_encoder_bridge.dir/Users/acs/src/pico-sdk/src/rp2_common/pico_double/double_aeabi_rp2040.S.o
                0x100032e4                __wrap___aeabi_cdrcmple
                0x100032f4                __wrap___aeabi_cdcmple
                0x100032f4                __wrap___aeabi_cdcmpeq
 .text.__wrap___aeabi_dcmplt
                0x10003350        0xc CMakeFiles/output_encoder_bridge.dir/Users/acs/src/pico-sdk/src/rp2_common/pico_double/double_aeabi_rp2040.S.o
                0x10003350                __wrap___aeabi_dcmplt
 .text.__wrap___aeabi_dcmple
                0x1000335c       0x10 CMakeFiles/output_encoder_bridge.dir/Users/acs/src/pico-sdk/src/rp2_common/pico_double/double_aeabi_rp2040.S.o
                0x1000335c                __wrap___aeabi_dcmple
 .text.__wrap___aeabi_dcmpge
                0x1000336c       0x10 CMakeFiles/output_encoder_bridge.dir/Users/acs/src/pico-sdk/src/rp2_common/pico_double/double_aeabi_rp2040.S.o
                0x1000336c                __wrap___aeabi_dcmpge
 .text.__wrap___aeabi_dcmpgt
                0x1000337c        0xa CMakeFiles/output_encoder_bridge.dir/Users/acs/src/pico-sdk/src/rp2_common/pico_double/double_aeabi_rp2040.S.o
                0x1000337c                __wrap___aeabi_dcmpgt
 .text.__wrap___aeabi_dcmpun
                0x10003386       0x18 CMakeFiles/output_encoder_bridge.dir/Users/acs/src/pico-sdk/src/rp2_common/pico_double/double_aeabi_rp2040.S.o
                0x10003386                __wrap___aeabi_dcmpun
 *fill*         0x1000339e        0x2 
 .text.__wrap___aeabi_i2d
                0x100033a0       0x38 CMakeFiles/output_encoder_bridge.dir/Users/acs/src/pico-sdk/src/rp2_common/pico_double/double_aeabi_rp2040.S.o
                0x100033a0                __wrap___aeabi_ui2d
                0x100033a0                uint2double
                0x100033a8                __wrap___aeabi_i2d
                0x100033a8                int2double
 .text.__wrap___aeabi_d2iz
                0x100033d8       0x48 CMakeFiles/output_encoder_bridge.dir/Users/acs/src/pico-sdk/src/rp2_common/pico_double/double_aeabi_rp2040.S.o
                0x100033d8                __wrap___aeabi_d2iz
                0x100033d8                double2int_z
 .text.__wrap___aeabi_d2uiz
                0x10003420       0x18 CMakeFiles/output_encoder_bridge.dir/Users/acs/src/pico-sdk/src/rp2_common/pico_double/double_aeabi_rp2040.S.o
                0x10003420                double2uint_z
                0x10003420                double2uint
                0x10003420                __wrap___aeabi_d2uiz
 .text.__wrap___aeabi_d2lz
                0x10003438       0x26 CMakeFiles/output_encoder_bridge.dir/Users/acs/src/pico-sdk/src/rp2_common/pico_double/double_aeabi_rp2040.S.o
                0x10003438                __wrap___aeabi_d2lz
                0x10003438                double2int64_z
 *fill*         0x1000345e        0x2 
 .text.double2int64
                0x10003460       0x18 CMakeFiles/output_encoder_bridge.dir/Users/acs/src/pico-sdk/src/rp2_common/pico_double/double_aeabi_rp2040.S.o
                0x10003460                double2int64
 .text.double2ufix64
                0x10003478       0x18 CMakeFiles/output_encoder_bridge.dir/Users/acs/src/pico-sdk/src/rp2_common/pico_double/double_aeabi_rp2040.S.o
                0x10003478                double2ufix64
                0x10003478                double2ufix64_z
 .text.__aeabi_double_init
                0x10003490       0xa4 CMakeFiles/output_encoder_bridge.dir/Users/acs/src/pico-sdk/src/rp2_common/pico_double/double_init_rom_rp2040.c.o
                0x10003490                __aeabi_double_init
 .text.double_table_shim_on_use_helper
                0x10003534       0x2c CMakeFiles/output_encoder_bridge.dir/Users/acs/src/pico-sdk/src/rp2_common/pico_double/double_v1_rom_shim_rp2040.S.o
                0x10003534                double_table_shim_on_use_helper
 .text.__wrap___aeabi_dsub
                0x10003560       0x10 CMakeFiles/output_encoder_bridge.dir/Users/acs/src/pico-sdk/src/rp2_common/pico_double/double_v1_rom_shim_rp2040.S.o
                0x10003560                drsub_shim
                0x10003566                dsub_shim
 .text.dadd_shim
                0x10003570      0x15c CMakeFiles/output_encoder_bridge.dir/Users/acs/src/pico-sdk/src/rp2_common/pico_double/double_v1_rom_shim_rp2040.S.o
                0x10003570                dadd_shim
 .text.dmul_shim
                0x100036cc      0x15c CMakeFiles/output_encoder_bridge.dir/Users/acs/src/pico-sdk/src/rp2_common/pico_double/double_v1_rom_shim_rp2040.S.o
                0x100036cc                dmul_shim
 .text.ddiv_shim
                0x10003828      0x1b0 CMakeFiles/output_encoder_bridge.dir/Users/acs/src/pico-sdk/src/rp2_common/pico_double/double_v1_rom_shim_rp2040.S.o
                0x10003828                ddiv_shim
 .text.double2uint_shim
                0x100039d8        0xe CMakeFiles/output_encoder_bridge.dir/Users/acs/src/pico-sdk/src/rp2_common/pico_double/double_v1_rom_shim_rp2040.S.o
                0x100039d8                double2uint_shim
                0x100039da                double2ufix_shim
 .text.double2int64_shim
                0x100039e6       0x1a CMakeFiles/output_encoder_bridge.dir/Users/acs/src/pico-sdk/src/rp2_common/pico_double/double_v1_rom_shim_rp2040.S.o
                0x100039e6                double2int64_shim
                0x100039e8                double2fix64_shim
 .text.double2uint64_shim
                0x10003a00       0x70 CMakeFiles/output_encoder_bridge.dir/Users/acs/src/pico-sdk/src/rp2_common/pico_double/double_v1_rom_shim_rp2040.S.o
                0x10003a00                double2uint64_shim
                0x10003a02                double2ufix64_shim
                0x10003a22                d2fix_a
 .text.dunpacks
                0x10003a70       0x3c CMakeFiles/output_encoder_bridge.dir/Users/acs/src/pico-sdk/src/rp2_common/pico_double/double_v1_rom_shim_rp2040.S.o
                0x10003a70                dunpacks
 .text.__aeabi_lmul
                0x10003aac       0x32 CMakeFiles/output_encoder_bridge.dir/Users/acs/src/pico-sdk/src/rp2_common/pico_int64_ops/pico_int64_ops_aeabi.S.o
                0x10003aac                __wrap___aeabi_lmul
 *fill*         0x10003ade        0x2 
 .text.__wrap___aeabi_farithmetic
                0x10003ae0       0x48 CMakeFiles/output_encoder_bridge.dir/Users/acs/src/pico-sdk/src/rp2_common/pico_float/float_aeabi_rp2040.S.o
                0x10003ae0                __wrap___aeabi_frsub
                0x10003ae6                __wrap___aeabi_fsub
                0x10003aec                __wrap___aeabi_fadd
                0x10003af2                __wrap___aeabi_fdiv
                0x10003b1a                __wrap___aeabi_fmul
 .text.__wrap___aeabi_cfcmple
                0x10003b28       0x50 CMakeFiles/output_encoder_bridge.dir/Users/acs/src/pico-sdk/src/rp2_common/pico_float/float_aeabi_rp2040.S.o
                0x10003b28                __wrap___aeabi_cfrcmple
                0x10003b34                __wrap___aeabi_cfcmpeq
                0x10003b34                __wrap___aeabi_cfcmple
 .text.__wrap___aeabi_fcmplt
                0x10003b78        0xc CMakeFiles/output_encoder_bridge.dir/Users/acs/src/pico-sdk/src/rp2_common/pico_float/float_aeabi_rp2040.S.o
                0x10003b78                __wrap___aeabi_fcmplt
 .text.__wrap___aeabi_fcmpgt
                0x10003b84        0xa CMakeFiles/output_encoder_bridge.dir/Users/acs/src/pico-sdk/src/rp2_common/pico_float/float_aeabi_rp2040.S.o
                0x10003b84                __wrap___aeabi_fcmpgt
 .text.__wrap___aeabi_ui2f
                0x10003b8e        0xa CMakeFiles/output_encoder_bridge.dir/Users/acs/src/pico-sdk/src/rp2_common/pico_float/float_aeabi_rp2040.S.o
                0x10003b8e                uint2float
                0x10003b8e                __wrap___aeabi_ui2f
 .text.__wrap___aeabi_i2f
                0x10003b98       0x44 CMakeFiles/output_encoder_bridge.dir/Users/acs/src/pico-sdk/src/rp2_common/pico_float/float_aeabi_rp2040.S.o
                0x10003b98                int2float
                0x10003b98                __wrap___aeabi_i2f
 .text.__wrap___aeabi_f2d
                0x10003bdc       0x14 CMakeFiles/output_encoder_bridge.dir/Users/acs/src/pico-sdk/src/rp2_common/pico_float/float_aeabi_rp2040.S.o
                0x10003bdc                __wrap___aeabi_f2d
 .text.__aeabi_float_init
                0x10003bf0       0x68 CMakeFiles/output_encoder_bridge.dir/Users/acs/src/pico-sdk/src/rp2_common/pico_float/float_init_rom_rp2040.c.o
                0x10003bf0                __aeabi_float_init
 .text.float_table_shim_on_use_helper
                0x10003c58       0x2c CMakeFiles/output_encoder_bridge.dir/Users/acs/src/pico-sdk/src/rp2_common/pico_float/float_v1_rom_shim_rp2040.S.o
                0x10003c58                float_table_shim_on_use_helper
 .text.float2double_shim
                0x10003c84       0x30 CMakeFiles/output_encoder_bridge.dir/Users/acs/src/pico-sdk/src/rp2_common/pico_float/float_v1_rom_shim_rp2040.S.o
                0x10003c84                float2double_shim
 .text          0x10003cb4       0x10 CMakeFiles/output_encoder_bridge.dir/Users/acs/src/pico-sdk/src/rp2_common/pico_mem_ops/mem_ops_aeabi.S.o
                0x10003cb4                __aeabi_mem_init
 .text.memset   0x10003cc4        0xc CMakeFiles/output_encoder_bridge.dir/Users/acs/src/pico-sdk/src/rp2_common/pico_mem_ops/mem_ops_aeabi.S.o
                0x10003cc4                __wrap_memset
 .text.memcpy   0x10003cd0        0xc CMakeFiles/output_encoder_bridge.dir/Users/acs/src/pico-sdk/src/rp2_common/pico_mem_ops/mem_ops_aeabi.S.o
                0x10003cd0                __wrap___aeabi_memcpy
                0x10003cd0                __wrap_memcpy
 .text._out_buffer
                0x10003cdc        0x8 CMakeFiles/output_encoder_bridge.dir/Users/acs/src/pico-sdk/src/rp2_common/pico_printf/printf.c.o
 .text._out_null
                0x10003ce4        0x4 CMakeFiles/output_encoder_bridge.dir/Users/acs/src/pico-sdk/src/rp2_common/pico_printf/printf.c.o
 .text._out_rev
                0x10003ce8       0xa8 CMakeFiles/output_encoder_bridge.dir/Users/acs/src/pico-sdk/src/rp2_common/pico_printf/printf.c.o
 .text._ntoa_format
                0x10003d90      0x1d8 CMakeFiles/output_encoder_bridge.dir/Users/acs/src/pico-sdk/src/rp2_common/pico_printf/printf.c.o
 .text._out_char
                0x10003f68       0x10 CMakeFiles/output_encoder_bridge.dir/Users/acs/src/pico-sdk/src/rp2_common/pico_printf/printf.c.o
 .text._ftoa    0x10003f78      0x474 CMakeFiles/output_encoder_bridge.dir/Users/acs/src/pico-sdk/src/rp2_common/pico_printf/printf.c.o
 .text._etoa    0x100043ec      0x560 CMakeFiles/output_encoder_bridge.dir/Users/acs/src/pico-sdk/src/rp2_common/pico_printf/printf.c.o
 .text._vsnprintf
                0x1000494c      0xab8 CMakeFiles/output_encoder_bridge.dir/Users/acs/src/pico-sdk/src/rp2_common/pico_printf/printf.c.o
 .text.__wrap_snprintf
                0x10005404       0x28 CMakeFiles/output_encoder_bridge.dir/Users/acs/src/pico-sdk/src/rp2_common/pico_printf/printf.c.o
                0x10005404                __wrap_snprintf
 .text.weak_raw_vprintf
                0x1000542c       0x30 CMakeFiles/output_encoder_bridge.dir/Users/acs/src/pico-sdk/src/rp2_common/pico_printf/printf.c.o
                0x1000542c                weak_raw_vprintf
 .text._exit    0x1000545c        0x4 CMakeFiles/output_encoder_bridge.dir/Users/acs/src/pico-sdk/src/rp2_common/pico_clib_interface/newlib_interface.c.o
                0x1000545c                _exit
 .text.exit     0x10005460        0x8 CMakeFiles/output_encoder_bridge.dir/Users/acs/src/pico-sdk/src/rp2_common/pico_clib_interface/newlib_interface.c.o
                0x10005460                exit
 .text.runtime_init
                0x10005468       0x2c CMakeFiles/output_encoder_bridge.dir/Users/acs/src/pico-sdk/src/rp2_common/pico_clib_interface/newlib_interface.c.o
                0x10005468                runtime_init
 .text.stdio_out_chars_no_crlf
                0x10005494       0x10 CMakeFiles/output_encoder_bridge.dir/Users/acs/src/pico-sdk/src/rp2_common/pico_stdio/stdio.c.o
 .text.stdio_out_chars_crlf
                0x100054a4       0x90 CMakeFiles/output_encoder_bridge.dir/Users/acs/src/pico-sdk/src/rp2_common/pico_stdio/stdio.c.o
 .text.stdio_put_string
                0x10005534       0xf4 CMakeFiles/output_encoder_bridge.dir/Users/acs/src/pico-sdk/src/rp2_common/pico_stdio/stdio.c.o
                0x10005534                stdio_put_string
 .text.stdio_putchar_raw
                0x10005628       0x94 CMakeFiles/output_encoder_bridge.dir/Users/acs/src/pico-sdk/src/rp2_common/pico_stdio/stdio.c.o
                0x10005628                stdio_putchar_raw
 .text.stdio_set_driver_enabled
                0x100056bc       0x30 CMakeFiles/output_encoder_bridge.dir/Users/acs/src/pico-sdk/src/rp2_common/pico_stdio/stdio.c.o
                0x100056bc                stdio_set_driver_enabled
 .text.stdio_flush
                0x100056ec       0x28 CMakeFiles/output_encoder_bridge.dir/Users/acs/src/pico-sdk/src/rp2_common/pico_stdio/stdio.c.o
                0x100056ec                stdio_flush
 .text.stdio_init_all
                0x10005714        0x8 CMakeFiles/output_encoder_bridge.dir/Users/acs/src/pico-sdk/src/rp2_common/pico_stdio/stdio.c.o
                0x10005714                stdio_init_all
 .text.stdio_getchar_timeout_us
                0x1000571c       0x98 CMakeFiles/output_encoder_bridge.dir/Users/acs/src/pico-sdk/src/rp2_common/pico_stdio/stdio.c.o
                0x1000571c                stdio_getchar_timeout_us
 .text.__wrap_putchar
                0x100057b4       0x94 CMakeFiles/output_encoder_bridge.dir/Users/acs/src/pico-sdk/src/rp2_common/pico_stdio/stdio.c.o
                0x100057b4                stdio_putchar
                0x100057b4                __wrap_putchar
 .text.__wrap_puts
                0x10005848       0x3c CMakeFiles/output_encoder_bridge.dir/Users/acs/src/pico-sdk/src/rp2_common/pico_stdio/stdio.c.o
                0x10005848                __wrap_puts
                0x10005848                stdio_puts
 .text.resetd_init
                0x10005884        0x4 CMakeFiles/output_encoder_bridge.dir/Users/acs/src/pico-sdk/src/rp2_common/pico_stdio_usb/reset_interface.c.o
 .text.resetd_reset
                0x10005888        0xc CMakeFiles/output_encoder_bridge.dir/Users/acs/src/pico-sdk/src/rp2_common/pico_stdio_usb/reset_interface.c.o
 .text.resetd_open
                0x10005894       0x28 CMakeFiles/output_encoder_bridge.dir/Users/acs/src/pico-sdk/src/rp2_common/pico_stdio_usb/reset_interface.c.o
 .text.resetd_xfer_cb
                0x100058bc        0x4 CMakeFiles/output_encoder_bridge.dir/Users/acs/src/pico-sdk/src/rp2_common/pico_stdio_usb/reset_interface.c.o
 .text.resetd_control_xfer_cb
                0x100058c0       0x54 CMakeFiles/output_encoder_bridge.dir/Users/acs/src/pico-sdk/src/rp2_common/pico_stdio_usb/reset_interface.c.o
 .text.tud_descriptor_bos_cb
                0x10005914        0x8 CMakeFiles/output_encoder_bridge.dir/Users/acs/src/pico-sdk/src/rp2_common/pico_stdio_usb/reset_interface.c.o
                0x10005914                tud_descriptor_bos_cb
 .text.tud_vendor_control_xfer_cb
                0x1000591c       0x38 CMakeFiles/output_encoder_bridge.dir/Users/acs/src/pico-sdk/src/rp2_common/pico_stdio_usb/reset_interface.c.o
                0x1000591c                tud_vendor_control_xfer_cb
 .text.usbd_app_driver_get_cb
                0x10005954        0xc CMakeFiles/output_encoder_bridge.dir/Users/acs/src/pico-sdk/src/rp2_common/pico_stdio_usb/reset_interface.c.o
                0x10005954                usbd_app_driver_get_cb
 .text.tud_cdc_line_coding_cb
                0x10005960       0x2c CMakeFiles/output_encoder_bridge.dir/Users/acs/src/pico-sdk/src/rp2_common/pico_stdio_usb/reset_interface.c.o
                0x10005960                tud_cdc_line_coding_cb
 .text.stdio_usb_set_chars_available_callback
                0x1000598c       0x14 CMakeFiles/output_encoder_bridge.dir/Users/acs/src/pico-sdk/src/rp2_common/pico_stdio_usb/stdio_usb.c.o
                0x1000598c                stdio_usb_set_chars_available_callback
 .text.usb_irq  0x100059a0       0x10 CMakeFiles/output_encoder_bridge.dir/Users/acs/src/pico-sdk/src/rp2_common/pico_stdio_usb/stdio_usb.c.o
 .text.timer_task
                0x100059b0       0x64 CMakeFiles/output_encoder_bridge.dir/Users/acs/src/pico-sdk/src/rp2_common/pico_stdio_usb/stdio_usb.c.o
 .text.stdio_usb_in_chars
                0x10005a14       0x8c CMakeFiles/output_encoder_bridge.dir/Users/acs/src/pico-sdk/src/rp2_common/pico_stdio_usb/stdio_usb.c.o
                0x10005a14                stdio_usb_in_chars
 .text.stdio_usb_out_flush
                0x10005aa0       0x4c CMakeFiles/output_encoder_bridge.dir/Users/acs/src/pico-sdk/src/rp2_common/pico_stdio_usb/stdio_usb.c.o
 .text.stdio_usb_out_chars
                0x10005aec       0xf8 CMakeFiles/output_encoder_bridge.dir/Users/acs/src/pico-sdk/src/rp2_common/pico_stdio_usb/stdio_usb.c.o
 .text.low_priority_worker_irq
                0x10005be4       0xc4 CMakeFiles/output_encoder_bridge.dir/Users/acs/src/pico-sdk/src/rp2_common/pico_stdio_usb/stdio_usb.c.o
 .text.stdio_usb_init
                0x10005ca8       0xe4 CMakeFiles/output_encoder_bridge.dir/Users/acs/src/pico-sdk/src/rp2_common/pico_stdio_usb/stdio_usb.c.o
                0x10005ca8                stdio_usb_init
 .text.tud_descriptor_device_cb
                0x10005d8c        0x8 CMakeFiles/output_encoder_bridge.dir/Users/acs/src/pico-sdk/src/rp2_common/pico_stdio_usb/stdio_usb_descriptors.c.o
                0x10005d8c                tud_descriptor_device_cb
 .text.tud_descriptor_configuration_cb
                0x10005d94        0x8 CMakeFiles/output_encoder_bridge.dir/Users/acs/src/pico-sdk/src/rp2_common/pico_stdio_usb/stdio_usb_descriptors.c.o
                0x10005d94                tud_descriptor_configuration_cb
 .text.tud_descriptor_string_cb
                0x10005d9c       0x70 CMakeFiles/output_encoder_bridge.dir/Users/acs/src/pico-sdk/src/rp2_common/pico_stdio_usb/stdio_usb_descriptors.c.o
                0x10005d9c                tud_descriptor_string_cb
 .text.startup._retrieve_unique_id_on_boot
                0x10005e0c       0x10 CMakeFiles/output_encoder_bridge.dir/Users/acs/src/pico-sdk/src/rp2_common/pico_unique_id/unique_id.c.o
 .text.pico_get_unique_board_id_string
                0x10005e1c      0x1e0 CMakeFiles/output_encoder_bridge.dir/Users/acs/src/pico-sdk/src/rp2_common/pico_unique_id/unique_id.c.o
                0x10005e1c                pico_get_unique_board_id_string
 .text.flash_get_unique_id
                0x10005ffc       0x3c CMakeFiles/output_encoder_bridge.dir/Users/acs/src/pico-sdk/src/rp2_common/hardware_flash/flash.c.o
                0x10005ffc                flash_get_unique_id
 .text.dcd_init
                0x10006038       0x90 CMakeFiles/output_encoder_bridge.dir/Users/acs/src/pico-sdk/lib/tinyusb/src/portable/raspberrypi/rp2040/dcd_rp2040.c.o
                0x10006038                dcd_init
 .text.dcd_int_enable
                0x100060c8        0xc CMakeFiles/output_encoder_bridge.dir/Users/acs/src/pico-sdk/lib/tinyusb/src/portable/raspberrypi/rp2040/dcd_rp2040.c.o
                0x100060c8                dcd_int_enable
 .text.dcd_set_address
                0x100060d4       0x14 CMakeFiles/output_encoder_bridge.dir/Users/acs/src/pico-sdk/lib/tinyusb/src/portable/raspberrypi/rp2040/dcd_rp2040.c.o
                0x100060d4                dcd_set_address
 .text.dcd_sof_enable
                0x100060e8       0x1c CMakeFiles/output_encoder_bridge.dir/Users/acs/src/pico-sdk/lib/tinyusb/src/portable/raspberrypi/rp2040/dcd_rp2040.c.o
                0x100060e8                dcd_sof_enable
 .text.dcd_edpt0_status_complete
                0x10006104       0x1c CMakeFiles/output_encoder_bridge.dir/Users/acs/src/pico-sdk/lib/tinyusb/src/portable/raspberrypi/rp2040/dcd_rp2040.c.o
                0x10006104                dcd_edpt0_status_complete
 .text.dcd_edpt_open
                0x10006120      0x114 CMakeFiles/output_encoder_bridge.dir/Users/acs/src/pico-sdk/lib/tinyusb/src/portable/raspberrypi/rp2040/dcd_rp2040.c.o
                0x10006120                dcd_edpt_open
 .text.dcd_edpt_close_all
                0x10006234        0x8 CMakeFiles/output_encoder_bridge.dir/Users/acs/src/pico-sdk/lib/tinyusb/src/portable/raspberrypi/rp2040/dcd_rp2040.c.o
                0x10006234                dcd_edpt_close_all
 .text.dcd_edpt_xfer
                0x1000623c       0x24 CMakeFiles/output_encoder_bridge.dir/Users/acs/src/pico-sdk/lib/tinyusb/src/portable/raspberrypi/rp2040/dcd_rp2040.c.o
                0x1000623c                dcd_edpt_xfer
 .text.dcd_edpt_stall
                0x10006260       0x3c CMakeFiles/output_encoder_bridge.dir/Users/acs/src/pico-sdk/lib/tinyusb/src/portable/raspberrypi/rp2040/dcd_rp2040.c.o
                0x10006260                dcd_edpt_stall
 .text.dcd_edpt_clear_stall
                0x1000629c       0x30 CMakeFiles/output_encoder_bridge.dir/Users/acs/src/pico-sdk/lib/tinyusb/src/portable/raspberrypi/rp2040/dcd_rp2040.c.o
                0x1000629c                dcd_edpt_clear_stall
 .text.rp2040_usb_init
                0x100062cc       0x40 CMakeFiles/output_encoder_bridge.dir/Users/acs/src/pico-sdk/lib/tinyusb/src/portable/raspberrypi/rp2040/rp2040_usb.c.o
                0x100062cc                rp2040_usb_init
 .text.hw_endpoint_xfer_start
                0x1000630c       0x40 CMakeFiles/output_encoder_bridge.dir/Users/acs/src/pico-sdk/lib/tinyusb/src/portable/raspberrypi/rp2040/rp2040_usb.c.o
                0x1000630c                hw_endpoint_xfer_start
 .text.tud_event_hook_cb
                0x1000634c        0x4 CMakeFiles/output_encoder_bridge.dir/Users/acs/src/pico-sdk/lib/tinyusb/src/device/usbd.c.o
                0x1000634c                tud_event_hook_cb
 .text.tud_sof_cb
                0x10006350        0x4 CMakeFiles/output_encoder_bridge.dir/Users/acs/src/pico-sdk/lib/tinyusb/src/device/usbd.c.o
                0x10006350                tud_sof_cb
 .text.tud_descriptor_device_qualifier_cb
                0x10006354        0x4 CMakeFiles/output_encoder_bridge.dir/Users/acs/src/pico-sdk/lib/tinyusb/src/device/usbd.c.o
                0x10006354                tud_descriptor_device_qualifier_cb
 .text.tud_descriptor_other_speed_configuration_cb
                0x10006358        0x4 CMakeFiles/output_encoder_bridge.dir/Users/acs/src/pico-sdk/lib/tinyusb/src/device/usbd.c.o
                0x10006358                tud_descriptor_other_speed_configuration_cb
 .text.tud_mount_cb
                0x1000635c        0x4 CMakeFiles/output_encoder_bridge.dir/Users/acs/src/pico-sdk/lib/tinyusb/src/device/usbd.c.o
                0x1000635c                tud_mount_cb
 .text.tud_umount_cb
                0x10006360        0x4 CMakeFiles/output_encoder_bridge.dir/Users/acs/src/pico-sdk/lib/tinyusb/src/device/usbd.c.o
                0x10006360                tud_umount_cb
 .text.tud_suspend_cb
                0x10006364        0x4 CMakeFiles/output_encoder_bridge.dir/Users/acs/src/pico-sdk/lib/tinyusb/src/device/usbd.c.o
                0x10006364                tud_suspend_cb
 .text.tud_resume_cb
                0x10006368        0x4 CMakeFiles/output_encoder_bridge.dir/Users/acs/src/pico-sdk/lib/tinyusb/src/device/usbd.c.o
                0x10006368                tud_resume_cb
 .text.tud_mounted
                0x1000636c       0x10 CMakeFiles/output_encoder_bridge.dir/Users/acs/src/pico-sdk/lib/tinyusb/src/device/usbd.c.o
                0x1000636c                tud_mounted
 .text.tud_suspended
                0x1000637c       0x10 CMakeFiles/output_encoder_bridge.dir/Users/acs/src/pico-sdk/lib/tinyusb/src/device/usbd.c.o
                0x1000637c                tud_suspended
 .text.tud_rhport_init
                0x1000638c       0xf0 CMakeFiles/output_encoder_bridge.dir/Users/acs/src/pico-sdk/lib/tinyusb/src/device/usbd.c.o
                0x1000638c                tud_rhport_init
 .text.tud_task_ext
                0x1000647c      0x7fc CMakeFiles/output_encoder_bridge.dir/Users/acs/src/pico-sdk/lib/tinyusb/src/device/usbd.c.o
                0x1000647c                tud_task_ext
 .text.usbd_open_edpt_pair
                0x10006c78       0x98 CMakeFiles/output_encoder_bridge.dir/Users/acs/src/pico-sdk/lib/tinyusb/src/device/usbd.c.o
                0x10006c78                usbd_open_edpt_pair
 .text.usbd_edpt_open
                0x10006d10       0x34 CMakeFiles/output_encoder_bridge.dir/Users/acs/src/pico-sdk/lib/tinyusb/src/device/usbd.c.o
                0x10006d10                usbd_edpt_open
 .text.usbd_edpt_claim
                0x10006d44       0x28 CMakeFiles/output_encoder_bridge.dir/Users/acs/src/pico-sdk/lib/tinyusb/src/device/usbd.c.o
                0x10006d44                usbd_edpt_claim
 .text.usbd_edpt_release
                0x10006d6c       0x28 CMakeFiles/output_encoder_bridge.dir/Users/acs/src/pico-sdk/lib/tinyusb/src/device/usbd.c.o
                0x10006d6c                usbd_edpt_release
 .text.usbd_edpt_xfer
                0x10006d94       0x50 CMakeFiles/output_encoder_bridge.dir/Users/acs/src/pico-sdk/lib/tinyusb/src/device/usbd.c.o
                0x10006d94                usbd_edpt_xfer
 .text.tud_control_status
                0x10006de4       0x2c CMakeFiles/output_encoder_bridge.dir/Users/acs/src/pico-sdk/lib/tinyusb/src/device/usbd_control.c.o
                0x10006de4                tud_control_status
 .text.tud_control_xfer
                0x10006e10       0xa0 CMakeFiles/output_encoder_bridge.dir/Users/acs/src/pico-sdk/lib/tinyusb/src/device/usbd_control.c.o
                0x10006e10                tud_control_xfer
 .text.usbd_control_reset
                0x10006eb0       0x14 CMakeFiles/output_encoder_bridge.dir/Users/acs/src/pico-sdk/lib/tinyusb/src/device/usbd_control.c.o
                0x10006eb0                usbd_control_reset
 .text.usbd_control_set_complete_callback
                0x10006ec4        0xc CMakeFiles/output_encoder_bridge.dir/Users/acs/src/pico-sdk/lib/tinyusb/src/device/usbd_control.c.o
                0x10006ec4                usbd_control_set_complete_callback
 .text.usbd_control_set_request
                0x10006ed0       0x1c CMakeFiles/output_encoder_bridge.dir/Users/acs/src/pico-sdk/lib/tinyusb/src/device/usbd_control.c.o
                0x10006ed0                usbd_control_set_request
 .text.usbd_control_xfer_cb
                0x10006eec       0xe8 CMakeFiles/output_encoder_bridge.dir/Users/acs/src/pico-sdk/lib/tinyusb/src/device/usbd_control.c.o
                0x10006eec                usbd_control_xfer_cb
 .text._prep_out_transaction.isra.0
                0x10006fd4       0x6c CMakeFiles/output_encoder_bridge.dir/Users/acs/src/pico-sdk/lib/tinyusb/src/class/cdc/cdc_device.c.o
 .text.tud_cdc_n_connected
                0x10007040       0x2c CMakeFiles/output_encoder_bridge.dir/Users/acs/src/pico-sdk/lib/tinyusb/src/class/cdc/cdc_device.c.o
                0x10007040                tud_cdc_n_connected
 .text.tud_cdc_n_available
                0x1000706c       0x14 CMakeFiles/output_encoder_bridge.dir/Users/acs/src/pico-sdk/lib/tinyusb/src/class/cdc/cdc_device.c.o
                0x1000706c                tud_cdc_n_available
 .text.tud_cdc_n_read
                0x10007080       0x88 CMakeFiles/output_encoder_bridge.dir/Users/acs/src/pico-sdk/lib/tinyusb/src/class/cdc/cdc_device.c.o
                0x10007080                tud_cdc_n_read
 .text.tud_cdc_n_write_flush
                0x10007108       0x78 CMakeFiles/output_encoder_bridge.dir/Users/acs/src/pico-sdk/lib/tinyusb/src/class/cdc/cdc_device.c.o
                0x10007108                tud_cdc_n_write_flush
 .text.tud_cdc_n_write
                0x10007180       0x40 CMakeFiles/output_encoder_bridge.dir/Users/acs/src/pico-sdk/lib/tinyusb/src/class/cdc/cdc_device.c.o
                0x10007180                tud_cdc_n_write
 .text.tud_cdc_n_write_available
                0x100071c0       0x14 CMakeFiles/output_encoder_bridge.dir/Users/acs/src/pico-sdk/lib/tinyusb/src/class/cdc/cdc_device.c.o
                0x100071c0                tud_cdc_n_write_available
 .text.cdcd_init
                0x100071d4       0x70 CMakeFiles/output_encoder_bridge.dir/Users/acs/src/pico-sdk/lib/tinyusb/src/class/cdc/cdc_device.c.o
                0x100071d4                cdcd_init
 .text.cdcd_deinit
                0x10007244       0x30 CMakeFiles/output_encoder_bridge.dir/Users/acs/src/pico-sdk/lib/tinyusb/src/class/cdc/cdc_device.c.o
                0x10007244                cdcd_deinit
 .text.cdcd_reset
                0x10007274       0x48 CMakeFiles/output_encoder_bridge.dir/Users/acs/src/pico-sdk/lib/tinyusb/src/class/cdc/cdc_device.c.o
                0x10007274                cdcd_reset
 .text.cdcd_open
                0x100072bc       0xa8 CMakeFiles/output_encoder_bridge.dir/Users/acs/src/pico-sdk/lib/tinyusb/src/class/cdc/cdc_device.c.o
                0x100072bc                cdcd_open
 .text.cdcd_control_xfer_cb
                0x10007364       0xf0 CMakeFiles/output_encoder_bridge.dir/Users/acs/src/pico-sdk/lib/tinyusb/src/class/cdc/cdc_device.c.o
                0x10007364                cdcd_control_xfer_cb
 .text.cdcd_xfer_cb
                0x10007454       0xf8 CMakeFiles/output_encoder_bridge.dir/Users/acs/src/pico-sdk/lib/tinyusb/src/class/cdc/cdc_device.c.o
                0x10007454                cdcd_xfer_cb
 .text.vendord_init
                0x1000754c       0x5c CMakeFiles/output_encoder_bridge.dir/Users/acs/src/pico-sdk/lib/tinyusb/src/class/vendor/vendor_device.c.o
                0x1000754c                vendord_init
 .text.vendord_deinit
                0x100075a8       0x1c CMakeFiles/output_encoder_bridge.dir/Users/acs/src/pico-sdk/lib/tinyusb/src/class/vendor/vendor_device.c.o
                0x100075a8                vendord_deinit
 .text.vendord_reset
                0x100075c4       0x28 CMakeFiles/output_encoder_bridge.dir/Users/acs/src/pico-sdk/lib/tinyusb/src/class/vendor/vendor_device.c.o
                0x100075c4                vendord_reset
 .text.vendord_open
                0x100075ec      0x104 CMakeFiles/output_encoder_bridge.dir/Users/acs/src/pico-sdk/lib/tinyusb/src/class/vendor/vendor_device.c.o
                0x100075ec                vendord_open
 .text.vendord_xfer_cb
                0x100076f0       0xa0 CMakeFiles/output_encoder_bridge.dir/Users/acs/src/pico-sdk/lib/tinyusb/src/class/vendor/vendor_device.c.o
                0x100076f0                vendord_xfer_cb
 .text.tusb_rhport_init
                0x10007790       0x4c CMakeFiles/output_encoder_bridge.dir/Users/acs/src/pico-sdk/lib/tinyusb/src/tusb.c.o
                0x10007790                tusb_rhport_init
 .text.tu_edpt_claim
                0x100077dc       0x50 CMakeFiles/output_encoder_bridge.dir/Users/acs/src/pico-sdk/lib/tinyusb/src/tusb.c.o
                0x100077dc                tu_edpt_claim
 .text.tu_edpt_release
                0x1000782c       0x38 CMakeFiles/output_encoder_bridge.dir/Users/acs/src/pico-sdk/lib/tinyusb/src/tusb.c.o
                0x1000782c                tu_edpt_release
 .text.tu_edpt_validate
                0x10007864       0x74 CMakeFiles/output_encoder_bridge.dir/Users/acs/src/pico-sdk/lib/tinyusb/src/tusb.c.o
                0x10007864                tu_edpt_validate
 .text.tu_edpt_bind_driver
                0x100078d8       0x34 CMakeFiles/output_encoder_bridge.dir/Users/acs/src/pico-sdk/lib/tinyusb/src/tusb.c.o
                0x100078d8                tu_edpt_bind_driver
 .text.tu_edpt_stream_init
                0x1000790c       0x68 CMakeFiles/output_encoder_bridge.dir/Users/acs/src/pico-sdk/lib/tinyusb/src/tusb.c.o
                0x1000790c                tu_edpt_stream_init
 .text.tu_edpt_stream_deinit
                0x10007974        0x4 CMakeFiles/output_encoder_bridge.dir/Users/acs/src/pico-sdk/lib/tinyusb/src/tusb.c.o
                0x10007974                tu_edpt_stream_deinit
 .text.tu_edpt_stream_write_zlp_if_needed
                0x10007978       0x64 CMakeFiles/output_encoder_bridge.dir/Users/acs/src/pico-sdk/lib/tinyusb/src/tusb.c.o
                0x10007978                tu_edpt_stream_write_zlp_if_needed
 .text.tu_edpt_stream_write_xfer
                0x100079dc       0x6c CMakeFiles/output_encoder_bridge.dir/Users/acs/src/pico-sdk/lib/tinyusb/src/tusb.c.o
                0x100079dc                tu_edpt_stream_write_xfer
 .text.tu_edpt_stream_read_xfer
                0x10007a48       0xd8 CMakeFiles/output_encoder_bridge.dir/Users/acs/src/pico-sdk/lib/tinyusb/src/tusb.c.o
                0x10007a48                tu_edpt_stream_read_xfer
 .text.tu_fifo_config
                0x10007b20       0x6c CMakeFiles/output_encoder_bridge.dir/Users/acs/src/pico-sdk/lib/tinyusb/src/common/tusb_fifo.c.o
                0x10007b20                tu_fifo_config
 .text.tu_fifo_count
                0x10007b8c       0x2c CMakeFiles/output_encoder_bridge.dir/Users/acs/src/pico-sdk/lib/tinyusb/src/common/tusb_fifo.c.o
                0x10007b8c                tu_fifo_count
 .text.tu_fifo_empty
                0x10007bb8       0x10 CMakeFiles/output_encoder_bridge.dir/Users/acs/src/pico-sdk/lib/tinyusb/src/common/tusb_fifo.c.o
                0x10007bb8                tu_fifo_empty
 .text.tu_fifo_remaining
                0x10007bc8       0x2c CMakeFiles/output_encoder_bridge.dir/Users/acs/src/pico-sdk/lib/tinyusb/src/common/tusb_fifo.c.o
                0x10007bc8                tu_fifo_remaining
 .text.tu_fifo_read
                0x10007bf4       0x9c CMakeFiles/output_encoder_bridge.dir/Users/acs/src/pico-sdk/lib/tinyusb/src/common/tusb_fifo.c.o
                0x10007bf4                tu_fifo_read
 .text.tu_fifo_read_n
                0x10007c90       0xec CMakeFiles/output_encoder_bridge.dir/Users/acs/src/pico-sdk/lib/tinyusb/src/common/tusb_fifo.c.o
                0x10007c90                tu_fifo_read_n
 .text.tu_fifo_write
                0x10007d7c       0xa4 CMakeFiles/output_encoder_bridge.dir/Users/acs/src/pico-sdk/lib/tinyusb/src/common/tusb_fifo.c.o
                0x10007d7c                tu_fifo_write
 .text.tu_fifo_write_n
                0x10007e20      0x168 CMakeFiles/output_encoder_bridge.dir/Users/acs/src/pico-sdk/lib/tinyusb/src/common/tusb_fifo.c.o
                0x10007e20                tu_fifo_write_n
 .text.tu_fifo_clear
                0x10007f88       0x40 CMakeFiles/output_encoder_bridge.dir/Users/acs/src/pico-sdk/lib/tinyusb/src/common/tusb_fifo.c.o
                0x10007f88                tu_fifo_clear
 .text.tu_fifo_set_overwritable
                0x10007fc8       0x48 CMakeFiles/output_encoder_bridge.dir/Users/acs/src/pico-sdk/lib/tinyusb/src/common/tusb_fifo.c.o
                0x10007fc8                tu_fifo_set_overwritable
 .text.spi_init
                0x10008010      0x110 CMakeFiles/output_encoder_bridge.dir/Users/acs/src/pico-sdk/src/rp2_common/hardware_spi/spi.c.o
                0x10008010                spi_init
 .text.memmove  0x10008120      0x104 /Applications/ArmGNUToolchain/15.2.rel1/arm-none-eabi/bin/../lib/gcc/arm-none-eabi/15.2.1/../../../../arm-none-eabi/lib/thumb/v6-m/nofp/libg.a(libc_a-memmove.o)
                0x10008120                memmove
 .text.strlen   0x10008224       0x60 /Applications/ArmGNUToolchain/15.2.rel1/arm-none-eabi/bin/../lib/gcc/arm-none-eabi/15.2.1/../../../../arm-none-eabi/lib/thumb/v6-m/nofp/libg.a(libc_a-strlen-stub.o)
                0x10008224                strlen
 *(.fini)
 .fini          0x10008284        0x4 /Applications/ArmGNUToolchain/15.2.rel1/arm-none-eabi/bin/../lib/gcc/arm-none-eabi/15.2.1/thumb/v6-m/nofp/crti.o
                0x10008284                _fini
 .fini.__stub   0x10008288       0xe0 linker stubs
 *crtbegin.o(.ctors)
 *crtbegin?.o(.ctors)
 *(EXCLUDE_FILE(*crtend.o *crtend?.o) .ctors)
 *(SORT_BY_NAME(.ctors.*))
 *(.ctors)
 *crtbegin.o(.dtors)
 *crtbegin?.o(.dtors)
 *(EXCLUDE_FILE(*crtend.o *crtend?.o) .dtors)
 *(SORT_BY_NAME(.dtors.*))
 *(.dtors)
                0x10008368                        . = ALIGN (0x4)
                0x10008368                        PROVIDE (__preinit_array_start = .)
 *(SORT_BY_NAME(.preinit_array.*))
 .preinit_array.00100
                0x10008368        0x4 CMakeFiles/output_encoder_bridge.dir/Users/acs/src/pico-sdk/src/rp2_common/pico_runtime_init/runtime_init.c.o
                0x10008368                __pre_init_runtime_init_early_resets
 .preinit_array.00101
                0x1000836c        0x4 CMakeFiles/output_encoder_bridge.dir/Users/acs/src/pico-sdk/src/rp2_common/pico_runtime_init/runtime_init.c.o
                0x1000836c                __pre_init_runtime_init_usb_power_down
 .preinit_array.00275
                0x10008370        0x4 CMakeFiles/output_encoder_bridge.dir/Users/acs/src/pico-sdk/src/rp2_common/pico_bit_ops/bit_ops_aeabi.S.o
 .preinit_array.00300
                0x10008374        0x4 CMakeFiles/output_encoder_bridge.dir/Users/acs/src/pico-sdk/src/rp2_common/pico_mem_ops/mem_ops_aeabi.S.o
 .preinit_array.00350
                0x10008378        0x4 CMakeFiles/output_encoder_bridge.dir/Users/acs/src/pico-sdk/src/rp2_common/pico_double/double_aeabi_rp2040.S.o
 .preinit_array.00350
                0x1000837c        0x4 CMakeFiles/output_encoder_bridge.dir/Users/acs/src/pico-sdk/src/rp2_common/pico_float/float_aeabi_rp2040.S.o
 .preinit_array.00500
                0x10008380        0x4 CMakeFiles/output_encoder_bridge.dir/Users/acs/src/pico-sdk/src/rp2_common/pico_runtime_init/runtime_init.c.o
                0x10008380                __pre_init_runtime_init_clocks
 .preinit_array.00600
                0x10008384        0x4 CMakeFiles/output_encoder_bridge.dir/Users/acs/src/pico-sdk/src/rp2_common/pico_runtime_init/runtime_init.c.o
                0x10008384                __pre_init_runtime_init_post_clock_resets
 .preinit_array.00700
                0x10008388        0x4 CMakeFiles/output_encoder_bridge.dir/Users/acs/src/pico-sdk/src/rp2_common/pico_runtime_init/runtime_init.c.o
                0x10008388                __pre_init_runtime_init_rp2040_gpio_ie_disable
 .preinit_array.01000
                0x1000838c        0x4 CMakeFiles/output_encoder_bridge.dir/Users/acs/src/pico-sdk/src/rp2_common/pico_runtime_init/runtime_init.c.o
                0x1000838c                __pre_init_runtime_init_spin_locks_reset
 .preinit_array.01100
                0x10008390        0x4 CMakeFiles/output_encoder_bridge.dir/Users/acs/src/pico-sdk/src/common/pico_sync/mutex.c.o
                0x10008390                __pre_init_runtime_init_mutex
 .preinit_array.10080
                0x10008394        0x4 CMakeFiles/output_encoder_bridge.dir/Users/acs/src/pico-sdk/src/rp2_common/pico_runtime_init/runtime_init.c.o
                0x10008394                __pre_init_runtime_init_install_ram_vector_table
 .preinit_array.11000
                0x10008398        0x4 CMakeFiles/output_encoder_bridge.dir/Users/acs/src/pico-sdk/src/common/pico_time/time.c.o
                0x10008398                __pre_init_runtime_init_default_alarm_pool
 .preinit_array.YYYYY
                0x1000839c        0x4 CMakeFiles/output_encoder_bridge.dir/Users/acs/src/pico-sdk/src/rp2_common/pico_runtime/runtime.c.o
                0x1000839c                __pre_init_first_per_core_initializer
 .preinit_array.ZZZZZ.01200
                0x100083a0        0x4 CMakeFiles/output_encoder_bridge.dir/Users/acs/src/pico-sdk/src/rp2_common/hardware_irq/irq.c.o
                0x100083a0                __pre_init_runtime_init_per_core_irq_priorities
 *(.preinit_array)
                0x100083a4                        PROVIDE (__preinit_array_end = .)
                0x100083a4                        . = ALIGN (0x4)
                0x100083a4                        PROVIDE (__init_array_start = .)
 *(SORT_BY_NAME(.init_array.*))
 .init_array.01000
                0x100083a4        0x4 CMakeFiles/output_encoder_bridge.dir/Users/acs/src/pico-sdk/src/rp2_common/pico_unique_id/unique_id.c.o
 *(.init_array)
 .init_array    0x100083a8        0x4 /Applications/ArmGNUToolchain/15.2.rel1/arm-none-eabi/bin/../lib/gcc/arm-none-eabi/15.2.1/thumb/v6-m/nofp/crtbegin.o
                0x100083ac                        PROVIDE (__init_array_end = .)
                0x100083ac                        . = ALIGN (0x4)
                [!provide]                        PROVIDE (__fini_array_start = .)
 *(SORT_BY_NAME(.fini_array.*))
 *(.fini_array)
                [!provide]                        PROVIDE (__fini_array_end = .)
 *(.eh_frame*)
 .eh_frame      0x100083ac        0x0 /Applications/ArmGNUToolchain/15.2.rel1/arm-none-eabi/bin/../lib/gcc/arm-none-eabi/15.2.1/thumb/v6-m/nofp/crtbegin.o
                0x100083ac                        . = ALIGN (0x4)

.glue_7         0x100083ac        0x0
 .glue_7        0x100083ac        0x0 linker stubs

.glue_7t        0x100083ac        0x0
 .glue_7t       0x100083ac        0x0 linker stubs

.vfp11_veneer   0x100083ac        0x0
 .vfp11_veneer  0x100083ac        0x0 linker stubs

.v4_bx          0x100083ac        0x0
 .v4_bx         0x100083ac        0x0 linker stubs

.iplt           0x100083ac        0x0
 .iplt          0x100083ac        0x0 /Applications/ArmGNUToolchain/15.2.rel1/arm-none-eabi/bin/../lib/gcc/arm-none-eabi/15.2.1/thumb/v6-m/nofp/crtbegin.o

.rodata         0x100083b0      0x6cc
 *(EXCLUDE_FILE(*libm.a: *libc.a:*lib_a-mem*.o *libgcc.a:) .rodata*)
 .rodata.main   0x100083b0       0x4c CMakeFiles/output_encoder_bridge.dir/src/main.c.o
 .rodata        0x100083fc       0x30 CMakeFiles/output_encoder_bridge.dir/src/main.c.o
 .rodata.odrive_uart_set_velocity.str1.4
                0x1000842c      0x1ac CMakeFiles/output_encoder_bridge.dir/src/odrive_uart.c.o
                                 0x10 (size before relaxing)
 .rodata.odrive_uart_set_axis_state.str1.4
                0x100085d8        0x0 CMakeFiles/output_encoder_bridge.dir/src/odrive_uart.c.o
                                 0x1d (size before relaxing)
 .rodata.panic.str1.4
                0x100085d8        0x0 CMakeFiles/output_encoder_bridge.dir/Users/acs/src/pico-sdk/src/rp2_common/pico_platform_panic/panic.c.o
                                 0x12 (size before relaxing)
 .rodata.spin_lock_claim_unused.str1.4
                0x100085d8        0x0 CMakeFiles/output_encoder_bridge.dir/Users/acs/src/pico-sdk/src/rp2_common/hardware_sync/sync.c.o
                                 0x1b (size before relaxing)
 .rodata.user_irq_claim_unused.str1.4
                0x100085d8        0x0 CMakeFiles/output_encoder_bridge.dir/Users/acs/src/pico-sdk/src/rp2_common/hardware_irq/irq.c.o
                                 0x1b (size before relaxing)
 .rodata.timer_hardware_alarm_claim.str1.4
                0x100085d8        0x0 CMakeFiles/output_encoder_bridge.dir/Users/acs/src/pico-sdk/src/rp2_common/hardware_timer/timer.c.o
                                 0x22 (size before relaxing)
 .rodata.hard_assertion_failure.str1.4
                0x100085d8        0x0 CMakeFiles/output_encoder_bridge.dir/Users/acs/src/pico-sdk/src/rp2_common/pico_runtime/runtime.c.o
                                  0xc (size before relaxing)
 .rodata.str1.4
                0x100085d8        0x0 CMakeFiles/output_encoder_bridge.dir/Users/acs/src/pico-sdk/src/rp2_common/pico_standard_binary_info/standard_binary_info.c.o
                                 0x4c (size before relaxing)
 .rodata.__bi_84
                0x100085d8        0xc CMakeFiles/output_encoder_bridge.dir/Users/acs/src/pico-sdk/src/rp2_common/pico_standard_binary_info/standard_binary_info.c.o
 .rodata.__bi_78
                0x100085e4        0xc CMakeFiles/output_encoder_bridge.dir/Users/acs/src/pico-sdk/src/rp2_common/pico_standard_binary_info/standard_binary_info.c.o
 .rodata.__bi_54
                0x100085f0        0xc CMakeFiles/output_encoder_bridge.dir/Users/acs/src/pico-sdk/src/rp2_common/pico_standard_binary_info/standard_binary_info.c.o
 .rodata.__bi_48
                0x100085fc        0xc CMakeFiles/output_encoder_bridge.dir/Users/acs/src/pico-sdk/src/rp2_common/pico_standard_binary_info/standard_binary_info.c.o
 .rodata.__bi_42
                0x10008608        0xc CMakeFiles/output_encoder_bridge.dir/Users/acs/src/pico-sdk/src/rp2_common/pico_standard_binary_info/standard_binary_info.c.o
 .rodata.__bi_34
                0x10008614        0xc CMakeFiles/output_encoder_bridge.dir/Users/acs/src/pico-sdk/src/rp2_common/pico_standard_binary_info/standard_binary_info.c.o
 .rodata.__bi_26
                0x10008620        0xc CMakeFiles/output_encoder_bridge.dir/Users/acs/src/pico-sdk/src/rp2_common/pico_standard_binary_info/standard_binary_info.c.o
 .rodata._ftoa.str1.4
                0x1000862c        0x0 CMakeFiles/output_encoder_bridge.dir/Users/acs/src/pico-sdk/src/rp2_common/pico_printf/printf.c.o
                                 0x15 (size before relaxing)
 .rodata._vsnprintf
                0x1000862c      0x19c CMakeFiles/output_encoder_bridge.dir/Users/acs/src/pico-sdk/src/rp2_common/pico_printf/printf.c.o
 .rodata.pow10.0
                0x100087c8       0x50 CMakeFiles/output_encoder_bridge.dir/Users/acs/src/pico-sdk/src/rp2_common/pico_printf/printf.c.o
 .rodata.crlf_str.0
                0x10008818        0x2 CMakeFiles/output_encoder_bridge.dir/Users/acs/src/pico-sdk/src/rp2_common/pico_stdio/stdio.c.o
 *fill*         0x1000881a        0x2 
 .rodata._resetd_driver
                0x1000881c       0x20 CMakeFiles/output_encoder_bridge.dir/Users/acs/src/pico-sdk/src/rp2_common/pico_stdio_usb/reset_interface.c.o
 .rodata.desc_ms_os_20
                0x1000883c       0xa6 CMakeFiles/output_encoder_bridge.dir/Users/acs/src/pico-sdk/src/rp2_common/pico_stdio_usb/reset_interface.c.o
 *fill*         0x100088e2        0x2 
 .rodata.desc_bos
                0x100088e4       0x21 CMakeFiles/output_encoder_bridge.dir/Users/acs/src/pico-sdk/src/rp2_common/pico_stdio_usb/reset_interface.c.o
                0x100088e4                desc_bos
 .rodata.str1.4
                0x10008905        0x0 CMakeFiles/output_encoder_bridge.dir/Users/acs/src/pico-sdk/src/rp2_common/pico_stdio_usb/stdio_usb.c.o
                                 0x13 (size before relaxing)
 *fill*         0x10008905        0x3 
 .rodata.__bi_202.0
                0x10008908        0xc CMakeFiles/output_encoder_bridge.dir/Users/acs/src/pico-sdk/src/rp2_common/pico_stdio_usb/stdio_usb.c.o
 .rodata.str1.4
                0x10008914        0x0 CMakeFiles/output_encoder_bridge.dir/Users/acs/src/pico-sdk/src/rp2_common/pico_stdio_usb/stdio_usb_descriptors.c.o
                                 0x2a (size before relaxing)
 .rodata.usbd_desc_str
                0x10008914       0x18 CMakeFiles/output_encoder_bridge.dir/Users/acs/src/pico-sdk/src/rp2_common/pico_stdio_usb/stdio_usb_descriptors.c.o
 .rodata.usbd_desc_cfg
                0x1000892c       0x54 CMakeFiles/output_encoder_bridge.dir/Users/acs/src/pico-sdk/src/rp2_common/pico_stdio_usb/stdio_usb_descriptors.c.o
 .rodata.usbd_desc_device
                0x10008980       0x12 CMakeFiles/output_encoder_bridge.dir/Users/acs/src/pico-sdk/src/rp2_common/pico_stdio_usb/stdio_usb_descriptors.c.o
 .rodata.str1.4
                0x10008992        0x0 CMakeFiles/output_encoder_bridge.dir/Users/acs/src/pico-sdk/lib/tinyusb/src/portable/raspberrypi/rp2040/dcd_rp2040.c.o
                                 0x14 (size before relaxing)
 .rodata.str1.4
                0x10008992        0x0 CMakeFiles/output_encoder_bridge.dir/Users/acs/src/pico-sdk/lib/tinyusb/src/portable/raspberrypi/rp2040/rp2040_usb.c.o
                                 0x48 (size before relaxing)
 *fill*         0x10008992        0x2 
 .rodata.tud_task_ext
                0x10008994       0x8c CMakeFiles/output_encoder_bridge.dir/Users/acs/src/pico-sdk/lib/tinyusb/src/device/usbd.c.o
 .rodata        0x10008a20       0x1c CMakeFiles/output_encoder_bridge.dir/Users/acs/src/pico-sdk/lib/tinyusb/src/device/usbd.c.o
 .rodata._usbd_driver
                0x10008a3c       0x40 CMakeFiles/output_encoder_bridge.dir/Users/acs/src/pico-sdk/lib/tinyusb/src/device/usbd.c.o
                0x10008a7c                        . = ALIGN (0x4)
 *(SORT_BY_ALIGNMENT(SORT_BY_NAME(.flashdata*)))
                0x10008a7c                        . = ALIGN (0x4)

.ARM.extab
 *(.ARM.extab* .gnu.linkonce.armextab.*)
                0x10008a7c                        __exidx_start = .

.ARM.exidx
 *(.ARM.exidx* .gnu.linkonce.armexidx.*)
                0x10008a7c                        __exidx_end = .
                0x10008a7c                        . = ALIGN (0x4)
                0x10008a7c                        __binary_info_start = .

.binary_info    0x10008a7c       0x20
 *(.binary_info.keep.*)
 .binary_info.keep.__bi_ptr84
                0x10008a7c        0x4 CMakeFiles/output_encoder_bridge.dir/Users/acs/src/pico-sdk/src/rp2_common/pico_standard_binary_info/standard_binary_info.c.o
 .binary_info.keep.__bi_ptr78
                0x10008a80        0x4 CMakeFiles/output_encoder_bridge.dir/Users/acs/src/pico-sdk/src/rp2_common/pico_standard_binary_info/standard_binary_info.c.o
 .binary_info.keep.__bi_ptr54
                0x10008a84        0x4 CMakeFiles/output_encoder_bridge.dir/Users/acs/src/pico-sdk/src/rp2_common/pico_standard_binary_info/standard_binary_info.c.o
 .binary_info.keep.__bi_ptr48
                0x10008a88        0x4 CMakeFiles/output_encoder_bridge.dir/Users/acs/src/pico-sdk/src/rp2_common/pico_standard_binary_info/standard_binary_info.c.o
 .binary_info.keep.__bi_ptr42
                0x10008a8c        0x4 CMakeFiles/output_encoder_bridge.dir/Users/acs/src/pico-sdk/src/rp2_common/pico_standard_binary_info/standard_binary_info.c.o
 .binary_info.keep.__bi_ptr34
                0x10008a90        0x4 CMakeFiles/output_encoder_bridge.dir/Users/acs/src/pico-sdk/src/rp2_common/pico_standard_binary_info/standard_binary_info.c.o
 .binary_info.keep.__bi_ptr26
                0x10008a94        0x4 CMakeFiles/output_encoder_bridge.dir/Users/acs/src/pico-sdk/src/rp2_common/pico_standard_binary_info/standard_binary_info.c.o
 *(.binary_info.*)
 .binary_info.__bi_ptr202
                0x10008a98        0x4 CMakeFiles/output_encoder_bridge.dir/Users/acs/src/pico-sdk/src/rp2_common/pico_stdio_usb/stdio_usb.c.o
                0x10008a9c                        __binary_info_end = .
                0x10008a9c                        . = ALIGN (0x4)

.ram_vector_table
                0x20000000       0xc0
 *(.ram_vector_table)
 .ram_vector_table
                0x20000000       0xc0 CMakeFiles/output_encoder_bridge.dir/Users/acs/src/pico-sdk/src/rp2_common/pico_runtime_init/runtime_init.c.o
                0x20000000                ram_vector_table

.uninitialized_data
                0x200000c0        0x0
                0x200000c0                        . = ALIGN (0x4)
 *(.uninitialized_data*)

.data           0x200000c0     0x1140 load address 0x10008a9c
                0x200000c0                        __data_start__ = .
 *(vtable)
 *(.time_critical*)
 .time_critical.mutex_try_enter
                0x200000c0       0x40 CMakeFiles/output_encoder_bridge.dir/Users/acs/src/pico-sdk/src/common/pico_sync/mutex.c.o
                0x200000c0                mutex_try_enter
 .time_critical.mutex_try_enter_block_until
                0x20000100       0x98 CMakeFiles/output_encoder_bridge.dir/Users/acs/src/pico-sdk/src/common/pico_sync/mutex.c.o
                0x20000100                mutex_try_enter_block_until
 .time_critical.mutex_enter_timeout_ms
                0x20000198       0x8c CMakeFiles/output_encoder_bridge.dir/Users/acs/src/pico-sdk/src/common/pico_sync/mutex.c.o
                0x20000198                mutex_enter_timeout_ms
 .time_critical.mutex_exit
                0x20000224       0x28 CMakeFiles/output_encoder_bridge.dir/Users/acs/src/pico-sdk/src/common/pico_sync/mutex.c.o
                0x20000224                mutex_exit
 .time_critical.flash_init_boot2_copyout
                0x2000024c       0x30 CMakeFiles/output_encoder_bridge.dir/Users/acs/src/pico-sdk/src/rp2_common/hardware_flash/flash.c.o
 .time_critical.flash_enable_xip_via_boot2
                0x2000027c        0xc CMakeFiles/output_encoder_bridge.dir/Users/acs/src/pico-sdk/src/rp2_common/hardware_flash/flash.c.o
 .time_critical.flash_save_hardware_state
                0x20000288       0x20 CMakeFiles/output_encoder_bridge.dir/Users/acs/src/pico-sdk/src/rp2_common/hardware_flash/flash.c.o
 .time_critical.flash_restore_hardware_state
                0x200002a8       0x20 CMakeFiles/output_encoder_bridge.dir/Users/acs/src/pico-sdk/src/rp2_common/hardware_flash/flash.c.o
 .time_critical.flash_cs_force
                0x200002c8       0x38 CMakeFiles/output_encoder_bridge.dir/Users/acs/src/pico-sdk/src/rp2_common/hardware_flash/flash.c.o
 .time_critical.flash_do_cmd
                0x20000300      0x124 CMakeFiles/output_encoder_bridge.dir/Users/acs/src/pico-sdk/src/rp2_common/hardware_flash/flash.c.o
                0x20000300                flash_do_cmd
 .time_critical.reset_non_control_endpoints
                0x20000424       0x68 CMakeFiles/output_encoder_bridge.dir/Users/acs/src/pico-sdk/lib/tinyusb/src/portable/raspberrypi/rp2040/dcd_rp2040.c.o
 .time_critical.hw_handle_buff_status
                0x2000048c       0x88 CMakeFiles/output_encoder_bridge.dir/Users/acs/src/pico-sdk/lib/tinyusb/src/portable/raspberrypi/rp2040/dcd_rp2040.c.o
 .time_critical.dcd_rp2040_irq
                0x20000514      0x53c CMakeFiles/output_encoder_bridge.dir/Users/acs/src/pico-sdk/lib/tinyusb/src/portable/raspberrypi/rp2040/dcd_rp2040.c.o
 .time_critical.prepare_ep_buffer
                0x20000a50       0xc4 CMakeFiles/output_encoder_bridge.dir/Users/acs/src/pico-sdk/lib/tinyusb/src/portable/raspberrypi/rp2040/rp2040_usb.c.o
 .time_critical.sync_ep_buffer
                0x20000b14       0xa0 CMakeFiles/output_encoder_bridge.dir/Users/acs/src/pico-sdk/lib/tinyusb/src/portable/raspberrypi/rp2040/rp2040_usb.c.o
 .time_critical._hw_endpoint_xfer_sync
                0x20000bb4       0x28 CMakeFiles/output_encoder_bridge.dir/Users/acs/src/pico-sdk/lib/tinyusb/src/portable/raspberrypi/rp2040/rp2040_usb.c.o
 .time_critical.e15_is_bulkin_ep
                0x20000bdc       0x28 CMakeFiles/output_encoder_bridge.dir/Users/acs/src/pico-sdk/lib/tinyusb/src/portable/raspberrypi/rp2040/rp2040_usb.c.o
 .time_critical.e15_is_critical_frame_period
                0x20000c04       0x30 CMakeFiles/output_encoder_bridge.dir/Users/acs/src/pico-sdk/lib/tinyusb/src/portable/raspberrypi/rp2040/rp2040_usb.c.o
 .time_critical.hw_endpoint_reset_transfer
                0x20000c34        0xc CMakeFiles/output_encoder_bridge.dir/Users/acs/src/pico-sdk/lib/tinyusb/src/portable/raspberrypi/rp2040/rp2040_usb.c.o
                0x20000c34                hw_endpoint_reset_transfer
 .time_critical._hw_endpoint_buffer_control_update32
                0x20000c40       0x50 CMakeFiles/output_encoder_bridge.dir/Users/acs/src/pico-sdk/lib/tinyusb/src/portable/raspberrypi/rp2040/rp2040_usb.c.o
                0x20000c40                _hw_endpoint_buffer_control_update32
 .time_critical.hw_endpoint_start_next_buffer
                0x20000c90       0x68 CMakeFiles/output_encoder_bridge.dir/Users/acs/src/pico-sdk/lib/tinyusb/src/portable/raspberrypi/rp2040/rp2040_usb.c.o
                0x20000c90                hw_endpoint_start_next_buffer
 .time_critical.hw_endpoint_xfer_continue
                0x20000cf8       0x40 CMakeFiles/output_encoder_bridge.dir/Users/acs/src/pico-sdk/lib/tinyusb/src/portable/raspberrypi/rp2040/rp2040_usb.c.o
                0x20000cf8                hw_endpoint_xfer_continue
 .time_critical.tinyusb
                0x20000d38      0x1d8 CMakeFiles/output_encoder_bridge.dir/Users/acs/src/pico-sdk/lib/tinyusb/src/device/usbd.c.o
                0x20000d38                dcd_event_handler
 .time_critical.spi_write_read_blocking
                0x20000f10       0xac CMakeFiles/output_encoder_bridge.dir/Users/acs/src/pico-sdk/src/rp2_common/hardware_spi/spi.c.o
                0x20000f10                spi_write_read_blocking
 *(.text*)
 .text.llround  0x20000fbc       0xdc /Applications/ArmGNUToolchain/15.2.rel1/arm-none-eabi/bin/../lib/gcc/arm-none-eabi/15.2.1/../../../../arm-none-eabi/lib/thumb/v6-m/nofp/libm.a(libm_a-s_llround.o)
                0x20000fbc                llround
 .text          0x20001098        0x4 /Applications/ArmGNUToolchain/15.2.rel1/arm-none-eabi/bin/../lib/gcc/arm-none-eabi/15.2.1/thumb/v6-m/nofp/libgcc.a(_dvmd_tls.o)
                0x20001098                __aeabi_ldiv0
                0x20001098                __aeabi_idiv0
 *fill*         0x2000109c        0x4 
 .text.__stub   0x200010a0       0x90 linker stubs
                0x20001130                        . = ALIGN (0x4)
 *(.rodata*)
                0x20001130                        . = ALIGN (0x4)
 *(.data*)
 .data.g_streaming_enabled
                0x20001130        0x1 CMakeFiles/output_encoder_bridge.dir/src/main.c.o
 *fill*         0x20001131        0x1 
 .data.g_seq    0x20001132        0x2 CMakeFiles/output_encoder_bridge.dir/src/main.c.o
 .data.striped_spin_lock_num
                0x20001134        0x1 CMakeFiles/output_encoder_bridge.dir/Users/acs/src/pico-sdk/src/rp2_common/hardware_sync/sync.c.o
 *fill*         0x20001135        0x3 
 .data          0x20001138       0x48 CMakeFiles/output_encoder_bridge.dir/Users/acs/src/pico-sdk/src/rp2_common/hardware_irq/irq_handler_chain.S.o
                0x20001138                irq_handler_chain_slots
                0x20001168                irq_handler_chain_first_slot
                0x20001172                irq_handler_chain_remove_tail
 .data.default_alarm_pool
                0x20001180       0x18 CMakeFiles/output_encoder_bridge.dir/Users/acs/src/pico-sdk/src/common/pico_time/time.c.o
 *fill*         0x20001198        0x8 
 .data.aeabi_bits_funcs
                0x200011a0       0x10 CMakeFiles/output_encoder_bridge.dir/Users/acs/src/pico-sdk/src/rp2_common/pico_bit_ops/bit_ops_aeabi.S.o
                0x200011a0                aeabi_bits_funcs
                0x200011b0                aeabi_bits_funcs_end
 .data.aeabi_mem_funcs
                0x200011b0       0x10 CMakeFiles/output_encoder_bridge.dir/Users/acs/src/pico-sdk/src/rp2_common/pico_mem_ops/mem_ops_aeabi.S.o
                0x200011b0                aeabi_mem_funcs
                0x200011c0                aeabi_mem_funcs_end
 .data.stdio_usb
                0x200011c0       0x18 CMakeFiles/output_encoder_bridge.dir/Users/acs/src/pico-sdk/src/rp2_common/pico_stdio_usb/stdio_usb.c.o
                0x200011c0                stdio_usb
 .data._usbd_qdef
                0x200011d8       0x1c CMakeFiles/output_encoder_bridge.dir/Users/acs/src/pico-sdk/lib/tinyusb/src/device/usbd.c.o
                0x200011d8                _usbd_qdef
 .data._usbd_rhport
                0x200011f4        0x1 CMakeFiles/output_encoder_bridge.dir/Users/acs/src/pico-sdk/lib/tinyusb/src/device/usbd.c.o
                0x200011f8                        . = ALIGN (0x4)
 *fill*         0x200011f5        0x3 
 *(.after_data.*)
                0x200011f8                        . = ALIGN (0x4)
                0x200011f8                        PROVIDE (__mutex_array_start = .)
 *(SORT_BY_NAME(.mutex_array.*))
 *(.mutex_array)
 .mutex_array   0x200011f8        0x8 CMakeFiles/output_encoder_bridge.dir/Users/acs/src/pico-sdk/src/rp2_common/pico_stdio/stdio.c.o
                0x20001200                        PROVIDE (__mutex_array_end = .)
                0x20001200                        . = ALIGN (0x4)
 *(.jcr)
                0x20001200                        . = ALIGN (0x4)

.tm_clone_table
                0x20001200        0x0 load address 0x10009bdc
 .tm_clone_table
                0x20001200        0x0 /Applications/ArmGNUToolchain/15.2.rel1/arm-none-eabi/bin/../lib/gcc/arm-none-eabi/15.2.1/thumb/v6-m/nofp/crtbegin.o
 .tm_clone_table
                0x20001200        0x0 /Applications/ArmGNUToolchain/15.2.rel1/arm-none-eabi/bin/../lib/gcc/arm-none-eabi/15.2.1/thumb/v6-m/nofp/crtend.o

.igot.plt       0x20001200        0x0 load address 0x10009bdc
 .igot.plt      0x20001200        0x0 /Applications/ArmGNUToolchain/15.2.rel1/arm-none-eabi/bin/../lib/gcc/arm-none-eabi/15.2.1/thumb/v6-m/nofp/crtbegin.o

.tdata          0x20001200        0x0 load address 0x10009bdc
                0x20001200                        . = ALIGN (0x4)
 *(.tdata .tdata.* .gnu.linkonce.td.*)
                0x20001200                        __tdata_end = .
                0x20001200                        PROVIDE (__data_end__ = .)
                0x10008a9c                        __etext = LOADADDR (.data)

.tbss           0x20001200        0x0 load address 0x10009bdc
                0x20001200                        . = ALIGN (0x4)
                0x20001200                        __bss_start__ = .
                0x20001200                        __tls_base = .
 *(.tbss .tbss.* .gnu.linkonce.tb.*)
 *(.tcommon)
                0x20001200                        __tls_end = .

.bss            0x20001200      0xfcc load address 0x10009bdc
                0x20001200                        . = ALIGN (0x4)
                0x20001200                        __tbss_end = .
 *(SORT_BY_ALIGNMENT(SORT_BY_NAME(.bss*)))
 .bss._cdcd_itf
                0x20001200       0xc8 CMakeFiles/output_encoder_bridge.dir/Users/acs/src/pico-sdk/lib/tinyusb/src/class/cdc/cdc_device.c.o
 .bss.default_alarm_pool_entries
                0x200012c8      0x180 CMakeFiles/output_encoder_bridge.dir/Users/acs/src/pico-sdk/src/common/pico_time/time.c.o
 .bss.last_avail_time.1
                0x20001448        0x8 CMakeFiles/output_encoder_bridge.dir/Users/acs/src/pico-sdk/src/rp2_common/pico_stdio_usb/stdio_usb.c.o
 .bss.sd_table  0x20001450      0x100 CMakeFiles/output_encoder_bridge.dir/Users/acs/src/pico-sdk/src/rp2_common/pico_double/double_init_rom_rp2040.c.o
                0x20001450                sd_table
 .bss.sf_table  0x20001550      0x100 CMakeFiles/output_encoder_bridge.dir/Users/acs/src/pico-sdk/src/rp2_common/pico_float/float_init_rom_rp2040.c.o
                0x20001550                sf_table
 .bss._app_driver
                0x20001650        0x4 CMakeFiles/output_encoder_bridge.dir/Users/acs/src/pico-sdk/lib/tinyusb/src/device/usbd.c.o
 .bss._cdcd_epbuf
                0x20001654       0x80 CMakeFiles/output_encoder_bridge.dir/Users/acs/src/pico-sdk/lib/tinyusb/src/class/cdc/cdc_device.c.o
 .bss._cdcd_fifo_cfg
                0x200016d4        0x1 CMakeFiles/output_encoder_bridge.dir/Users/acs/src/pico-sdk/lib/tinyusb/src/class/cdc/cdc_device.c.o
 *fill*         0x200016d5        0x3 
 .bss._ctrl_epbuf
                0x200016d8       0x40 CMakeFiles/output_encoder_bridge.dir/Users/acs/src/pico-sdk/lib/tinyusb/src/device/usbd_control.c.o
 .bss._ctrl_xfer
                0x20001718       0x14 CMakeFiles/output_encoder_bridge.dir/Users/acs/src/pico-sdk/lib/tinyusb/src/device/usbd_control.c.o
 .bss._tusb_rhport_role
                0x2000172c        0x2 CMakeFiles/output_encoder_bridge.dir/Users/acs/src/pico-sdk/lib/tinyusb/src/tusb.c.o
                0x2000172c                _tusb_rhport_role
 *fill*         0x2000172e        0x2 
 .bss._ubsd_mutexdef
                0x20001730        0x8 CMakeFiles/output_encoder_bridge.dir/Users/acs/src/pico-sdk/lib/tinyusb/src/device/usbd.c.o
 .bss._usbd_dev
                0x20001738       0x54 CMakeFiles/output_encoder_bridge.dir/Users/acs/src/pico-sdk/lib/tinyusb/src/device/usbd.c.o
 .bss._usbd_mutex
                0x2000178c        0x4 CMakeFiles/output_encoder_bridge.dir/Users/acs/src/pico-sdk/lib/tinyusb/src/device/usbd.c.o
 .bss._usbd_q   0x20001790        0x4 CMakeFiles/output_encoder_bridge.dir/Users/acs/src/pico-sdk/lib/tinyusb/src/device/usbd.c.o
 .bss._usbd_qdef_buf
                0x20001794       0xc0 CMakeFiles/output_encoder_bridge.dir/Users/acs/src/pico-sdk/lib/tinyusb/src/device/usbd.c.o
                0x20001794                _usbd_qdef_buf
 .bss._vendord_epbuf
                0x20001854       0x80 CMakeFiles/output_encoder_bridge.dir/Users/acs/src/pico-sdk/lib/tinyusb/src/class/vendor/vendor_device.c.o
 .bss._vendord_itf
                0x200018d4      0x24c CMakeFiles/output_encoder_bridge.dir/Users/acs/src/pico-sdk/lib/tinyusb/src/class/vendor/vendor_device.c.o
 .bss.boot2_copyout
                0x20001b20      0x100 CMakeFiles/output_encoder_bridge.dir/Users/acs/src/pico-sdk/src/rp2_common/hardware_flash/flash.c.o
 .bss.chars_available_callback
                0x20001c20        0x4 CMakeFiles/output_encoder_bridge.dir/Users/acs/src/pico-sdk/src/rp2_common/pico_stdio_usb/stdio_usb.c.o
 .bss.chars_available_param
                0x20001c24        0x4 CMakeFiles/output_encoder_bridge.dir/Users/acs/src/pico-sdk/src/rp2_common/pico_stdio_usb/stdio_usb.c.o
 .bss.claimed   0x20001c28        0x4 CMakeFiles/output_encoder_bridge.dir/Users/acs/src/pico-sdk/src/rp2_common/hardware_sync/sync.c.o
 .bss.claimed   0x20001c2c        0x1 CMakeFiles/output_encoder_bridge.dir/Users/acs/src/pico-sdk/src/rp2_common/hardware_timer/timer.c.o
 *fill*         0x20001c2d        0x3 
 .bss.configured_freq
                0x20001c30       0x28 CMakeFiles/output_encoder_bridge.dir/Users/acs/src/pico-sdk/src/rp2_common/hardware_clocks/clocks.c.o
 .bss.desc_str.0
                0x20001c58       0x28 CMakeFiles/output_encoder_bridge.dir/Users/acs/src/pico-sdk/src/rp2_common/pico_stdio_usb/stdio_usb_descriptors.c.o
 .bss.drivers   0x20001c80        0x4 CMakeFiles/output_encoder_bridge.dir/Users/acs/src/pico-sdk/src/rp2_common/pico_stdio/stdio.c.o
 .bss.e15_last_sof
                0x20001c84        0x4 CMakeFiles/output_encoder_bridge.dir/Users/acs/src/pico-sdk/lib/tinyusb/src/portable/raspberrypi/rp2040/rp2040_usb.c.o
                0x20001c84                e15_last_sof
 .bss.filter    0x20001c88        0x4 CMakeFiles/output_encoder_bridge.dir/Users/acs/src/pico-sdk/src/rp2_common/pico_stdio/stdio.c.o
 .bss.g_acc_counts
                0x20001c8c        0x4 CMakeFiles/output_encoder_bridge.dir/src/main.c.o
 .bss.g_acc_prev_raw
                0x20001c90        0x4 CMakeFiles/output_encoder_bridge.dir/src/main.c.o
 .bss.g_cfg     0x20001c94       0x1c CMakeFiles/output_encoder_bridge.dir/src/mt6835.c.o
 .bss.g_cfg     0x20001cb0       0x14 CMakeFiles/output_encoder_bridge.dir/src/odrive_uart.c.o
 .bss.g_last_raw_counts
                0x20001cc4        0x4 CMakeFiles/output_encoder_bridge.dir/src/main.c.o
 .bss.g_last_timestamp_us
                0x20001cc8        0x4 CMakeFiles/output_encoder_bridge.dir/src/main.c.o
 .bss.g_loop_gains
                0x20001ccc       0x10 CMakeFiles/output_encoder_bridge.dir/src/main.c.o
 .bss.g_loop_state
                0x20001cdc       0x1c CMakeFiles/output_encoder_bridge.dir/src/main.c.o
 .bss.g_rx_buffer
                0x20001cf8       0x54 CMakeFiles/output_encoder_bridge.dir/src/main.c.o
 .bss.g_rx_len  0x20001d4c        0x4 CMakeFiles/output_encoder_bridge.dir/src/main.c.o
 .bss.g_zero_offset_counts
                0x20001d50        0x4 CMakeFiles/output_encoder_bridge.dir/src/main.c.o
 .bss.hw_endpoints
                0x20001d54      0x400 CMakeFiles/output_encoder_bridge.dir/Users/acs/src/pico-sdk/lib/tinyusb/src/portable/raspberrypi/rp2040/dcd_rp2040.c.o
 .bss.lazy_vsnprintf
                0x20002154        0x4 CMakeFiles/output_encoder_bridge.dir/Users/acs/src/pico-sdk/src/rp2_common/pico_printf/printf.c.o
 .bss.load_value
                0x20002158        0x4 CMakeFiles/output_encoder_bridge.dir/Users/acs/src/pico-sdk/src/rp2_common/hardware_watchdog/watchdog.c.o
 .bss.next_buffer_ptr
                0x2000215c        0x4 CMakeFiles/output_encoder_bridge.dir/Users/acs/src/pico-sdk/lib/tinyusb/src/portable/raspberrypi/rp2040/dcd_rp2040.c.o
 .bss.object.0  0x20002160       0x18 /Applications/ArmGNUToolchain/15.2.rel1/arm-none-eabi/bin/../lib/gcc/arm-none-eabi/15.2.1/thumb/v6-m/nofp/crtbegin.o
 .bss.one_shot_timer_crit_sec
                0x20002178        0x8 CMakeFiles/output_encoder_bridge.dir/Users/acs/src/pico-sdk/src/rp2_common/pico_stdio_usb/stdio_usb.c.o
 .bss.pools     0x20002180       0x10 CMakeFiles/output_encoder_bridge.dir/Users/acs/src/pico-sdk/src/common/pico_time/time.c.o
 .bss.retrieved_id
                0x20002190        0x8 CMakeFiles/output_encoder_bridge.dir/Users/acs/src/pico-sdk/src/rp2_common/pico_unique_id/unique_id.c.o
 .bss.sf_clz_func
                0x20002198        0x4 CMakeFiles/output_encoder_bridge.dir/Users/acs/src/pico-sdk/src/rp2_common/pico_double/double_init_rom_rp2040.c.o
                0x20002198                sf_clz_func